Archive member included to satisfy reference by file (symbol)

C:/ST/STM32CubeIDE_2.2.0/STM32CubeIDE/plugins/com.st.stm32cube.ide.mcu.externaltools.gnu-tools-for-stm32.14.3.rel1.win32_1.0.100.202602081740/tools/bin/../lib/gcc/arm-none-eabi/14.3.1/../../../../arm-none-eabi/lib/thumb/v7e-m+fp/hard\libc_nano.a(libc_a-exit.o)
                              C:/ST/STM32CubeIDE_2.2.0/STM32CubeIDE/plugins/com.st.stm32cube.ide.mcu.externaltools.gnu-tools-for-stm32.14.3.rel1.win32_1.0.100.202602081740/tools/bin/../lib/gcc/arm-none-eabi/14.3.1/../../../../arm-none-eabi/lib/thumb/v7e-m+fp/hard/crt0.o (exit)
C:/ST/STM32CubeIDE_2.2.0/STM32CubeIDE/plugins/com.st.stm32cube.ide.mcu.externaltools.gnu-tools-for-stm32.14.3.rel1.win32_1.0.100.202602081740/tools/bin/../lib/gcc/arm-none-eabi/14.3.1/../../../../arm-none-eabi/lib/thumb/v7e-m+fp/hard\libc_nano.a(libc_a-nano-vfprintf_float.o)
                              (_printf_float)
C:/ST/STM32CubeIDE_2.2.0/STM32CubeIDE/plugins/com.st.stm32cube.ide.mcu.externaltools.gnu-tools-for-stm32.14.3.rel1.win32_1.0.100.202602081740/tools/bin/../lib/gcc/arm-none-eabi/14.3.1/../../../../arm-none-eabi/lib/thumb/v7e-m+fp/hard\libc_nano.a(libc_a-nano-vfprintf_i.o)
                              C:/ST/STM32CubeIDE_2.2.0/STM32CubeIDE/plugins/com.st.stm32cube.ide.mcu.externaltools.gnu-tools-for-stm32.14.3.rel1.win32_1.0.100.202602081740/tools/bin/../lib/gcc/arm-none-eabi/14.3.1/../../../../arm-none-eabi/lib/thumb/v7e-m+fp/hard\libc_nano.a(libc_a-nano-vfprintf_float.o) (_printf_common)
C:/ST/STM32CubeIDE_2.2.0/STM32CubeIDE/plugins/com.st.stm32cube.ide.mcu.externaltools.gnu-tools-for-stm32.14.3.rel1.win32_1.0.100.202602081740/tools/bin/../lib/gcc/arm-none-eabi/14.3.1/../../../../arm-none-eabi/lib/thumb/v7e-m+fp/hard\libc_nano.a(libc_a-findfp.o)
                              C:/ST/STM32CubeIDE_2.2.0/STM32CubeIDE/plugins/com.st.stm32cube.ide.mcu.externaltools.gnu-tools-for-stm32.14.3.rel1.win32_1.0.100.202602081740/tools/bin/../lib/gcc/arm-none-eabi/14.3.1/../../../../arm-none-eabi/lib/thumb/v7e-m+fp/hard\libc_nano.a(libc_a-exit.o) (__stdio_exit_handler)
C:/ST/STM32CubeIDE_2.2.0/STM32CubeIDE/plugins/com.st.stm32cube.ide.mcu.externaltools.gnu-tools-for-stm32.14.3.rel1.win32_1.0.100.202602081740/tools/bin/../lib/gcc/arm-none-eabi/14.3.1/../../../../arm-none-eabi/lib/thumb/v7e-m+fp/hard\libc_nano.a(libc_a-fwalk.o)
                              C:/ST/STM32CubeIDE_2.2.0/STM32CubeIDE/plugins/com.st.stm32cube.ide.mcu.externaltools.gnu-tools-for-stm32.14.3.rel1.win32_1.0.100.202602081740/tools/bin/../lib/gcc/arm-none-eabi/14.3.1/../../../../arm-none-eabi/lib/thumb/v7e-m+fp/hard\libc_nano.a(libc_a-findfp.o) (_fwalk_sglue)
C:/ST/STM32CubeIDE_2.2.0/STM32CubeIDE/plugins/com.st.stm32cube.ide.mcu.externaltools.gnu-tools-for-stm32.14.3.rel1.win32_1.0.100.202602081740/tools/bin/../lib/gcc/arm-none-eabi/14.3.1/../../../../arm-none-eabi/lib/thumb/v7e-m+fp/hard\libc_nano.a(libc_a-printf.o)
                              ./Core/Src/main.o (printf)
C:/ST/STM32CubeIDE_2.2.0/STM32CubeIDE/plugins/com.st.stm32cube.ide.mcu.externaltools.gnu-tools-for-stm32.14.3.rel1.win32_1.0.100.202602081740/tools/bin/../lib/gcc/arm-none-eabi/14.3.1/../../../../arm-none-eabi/lib/thumb/v7e-m+fp/hard\libc_nano.a(libc_a-puts.o)
                              ./Core/Src/main.o (puts)
C:/ST/STM32CubeIDE_2.2.0/STM32CubeIDE/plugins/com.st.stm32cube.ide.mcu.externaltools.gnu-tools-for-stm32.14.3.rel1.win32_1.0.100.202602081740/tools/bin/../lib/gcc/arm-none-eabi/14.3.1/../../../../arm-none-eabi/lib/thumb/v7e-m+fp/hard\libc_nano.a(libc_a-stdio.o)
                              C:/ST/STM32CubeIDE_2.2.0/STM32CubeIDE/plugins/com.st.stm32cube.ide.mcu.externaltools.gnu-tools-for-stm32.14.3.rel1.win32_1.0.100.202602081740/tools/bin/../lib/gcc/arm-none-eabi/14.3.1/../../../../arm-none-eabi/lib/thumb/v7e-m+fp/hard\libc_nano.a(libc_a-findfp.o) (__sread)
C:/ST/STM32CubeIDE_2.2.0/STM32CubeIDE/plugins/com.st.stm32cube.ide.mcu.externaltools.gnu-tools-for-stm32.14.3.rel1.win32_1.0.100.202602081740/tools/bin/../lib/gcc/arm-none-eabi/14.3.1/../../../../arm-none-eabi/lib/thumb/v7e-m+fp/hard\libc_nano.a(libc_a-wbuf.o)
                              C:/ST/STM32CubeIDE_2.2.0/STM32CubeIDE/plugins/com.st.stm32cube.ide.mcu.externaltools.gnu-tools-for-stm32.14.3.rel1.win32_1.0.100.202602081740/tools/bin/../lib/gcc/arm-none-eabi/14.3.1/../../../../arm-none-eabi/lib/thumb/v7e-m+fp/hard\libc_nano.a(libc_a-puts.o) (__swbuf_r)
C:/ST/STM32CubeIDE_2.2.0/STM32CubeIDE/plugins/com.st.stm32cube.ide.mcu.externaltools.gnu-tools-for-stm32.14.3.rel1.win32_1.0.100.202602081740/tools/bin/../lib/gcc/arm-none-eabi/14.3.1/../../../../arm-none-eabi/lib/thumb/v7e-m+fp/hard\libc_nano.a(libc_a-wsetup.o)
                              C:/ST/STM32CubeIDE_2.2.0/STM32CubeIDE/plugins/com.st.stm32cube.ide.mcu.externaltools.gnu-tools-for-stm32.14.3.rel1.win32_1.0.100.202602081740/tools/bin/../lib/gcc/arm-none-eabi/14.3.1/../../../../arm-none-eabi/lib/thumb/v7e-m+fp/hard\libc_nano.a(libc_a-puts.o) (__swsetup_r)
[...]
Memory Configuration

Name             Origin             Length             Attributes
CCMRAM           0x10000000         0x00001000         xrw
RAM              0x20000000         0x00003000         xrw
FLASH            0x08000000         0x00010000         xr
*default*        0x00000000         0xffffffff

Linker script and memory map

LOAD C:/ST/STM32CubeIDE_2.2.0/STM32CubeIDE/plugins/com.st.stm32cube.ide.mcu.externaltools.gnu-tools-for-stm32.14.3.rel1.win32_1.0.100.202602081740/tools/bin/../lib/gcc/arm-none-eabi/14.3.1/thumb/v7e-m+fp/hard/crti.o
LOAD C:/ST/STM32CubeIDE_2.2.0/STM32CubeIDE/plugins/com.st.stm32cube.ide.mcu.externaltools.gnu-tools-for-stm32.14.3.rel1.win32_1.0.100.202602081740/tools/bin/../lib/gcc/arm-none-eabi/14.3.1/thumb/v7e-m+fp/hard/crtbegin.o
LOAD C:/ST/STM32CubeIDE_2.2.0/STM32CubeIDE/plugins/com.st.stm32cube.ide.mcu.externaltools.gnu-tools-for-stm32.14.3.rel1.win32_1.0.100.202602081740/tools/bin/../lib/gcc/arm-none-eabi/14.3.1/../../../../arm-none-eabi/lib/thumb/v7e-m+fp/hard/crt0.o
LOAD ./Core/Src/main.o
LOAD ./Core/Src/stm32f3xx_hal_msp.o
LOAD ./Core/Src/stm32f3xx_it.o
LOAD ./Core/Src/syscalls.o
LOAD ./Core/Src/sysmem.o
LOAD ./Core/Src/system_stm32f3xx.o
LOAD ./Core/Startup/startup_stm32f303k8tx.o
LOAD ./Drivers/STM32F3xx_HAL_Driver/Src/stm32f3xx_hal.o
LOAD ./Drivers/STM32F3xx_HAL_Driver/Src/stm32f3xx_hal_cortex.o
LOAD ./Drivers/STM32F3xx_HAL_Driver/Src/stm32f3xx_hal_dma.o
LOAD ./Drivers/STM32F3xx_HAL_Driver/Src/stm32f3xx_hal_exti.o
LOAD ./Drivers/STM32F3xx_HAL_Driver/Src/stm32f3xx_hal_flash.o
LOAD ./Drivers/STM32F3xx_HAL_Driver/Src/stm32f3xx_hal_flash_ex.o
LOAD ./Drivers/STM32F3xx_HAL_Driver/Src/stm32f3xx_hal_gpio.o
LOAD ./Drivers/STM32F3xx_HAL_Driver/Src/stm32f3xx_hal_i2c.o
LOAD ./Drivers/STM32F3xx_HAL_Driver/Src/stm32f3xx_hal_i2c_ex.o
LOAD ./Drivers/STM32F3xx_HAL_Driver/Src/stm32f3xx_hal_pwr.o
LOAD ./Drivers/STM32F3xx_HAL_Driver/Src/stm32f3xx_hal_pwr_ex.o
LOAD ./Drivers/STM32F3xx_HAL_Driver/Src/stm32f3xx_hal_rcc.o
LOAD ./Drivers/STM32F3xx_HAL_Driver/Src/stm32f3xx_hal_rcc_ex.o
LOAD ./Drivers/STM32F3xx_HAL_Driver/Src/stm32f3xx_hal_tim.o
LOAD ./Drivers/STM32F3xx_HAL_Driver/Src/stm32f3xx_hal_tim_ex.o
LOAD ./Drivers/STM32F3xx_HAL_Driver/Src/stm32f3xx_hal_uart.o
LOAD ./Drivers/STM32F3xx_HAL_Driver/Src/stm32f3xx_hal_uart_ex.o
START GROUP
LOAD C:/ST/STM32CubeIDE_2.2.0/STM32CubeIDE/plugins/com.st.stm32cube.ide.mcu.externaltools.gnu-tools-for-stm32.14.3.rel1.win32_1.0.100.202602081740/tools/bin/../lib/gcc/arm-none-eabi/14.3.1/../../../../arm-none-eabi/lib/thumb/v7e-m+fp/hard\libc_nano.a
LOAD C:/ST/STM32CubeIDE_2.2.0/STM32CubeIDE/plugins/com.st.stm32cube.ide.mcu.externaltools.gnu-tools-for-stm32.14.3.rel1.win32_1.0.100.202602081740/tools/bin/../lib/gcc/arm-none-eabi/14.3.1/../../../../arm-none-eabi/lib/thumb/v7e-m+fp/hard\libm.a
END GROUP
START GROUP
LOAD C:/ST/STM32CubeIDE_2.2.0/STM32CubeIDE/plugins/com.st.stm32cube.ide.mcu.externaltools.gnu-tools-for-stm32.14.3.rel1.win32_1.0.100.202602081740/tools/bin/../lib/gcc/arm-none-eabi/14.3.1/thumb/v7e-m+fp/hard\libgcc.a
LOAD C:/ST/STM32CubeIDE_2.2.0/STM32CubeIDE/plugins/com.st.stm32cube.ide.mcu.externaltools.gnu-tools-for-stm32.14.3.rel1.win32_1.0.100.202602081740/tools/bin/../lib/gcc/arm-none-eabi/14.3.1/../../../../arm-none-eabi/lib/thumb/v7e-m+fp/hard\libc_nano.a
END GROUP
START GROUP
LOAD C:/ST/STM32CubeIDE_2.2.0/STM32CubeIDE/plugins/com.st.stm32cube.ide.mcu.externaltools.gnu-tools-for-stm32.14.3.rel1.win32_1.0.100.202602081740/tools/bin/../lib/gcc/arm-none-eabi/14.3.1/thumb/v7e-m+fp/hard\libgcc.a
LOAD C:/ST/STM32CubeIDE_2.2.0/STM32CubeIDE/plugins/com.st.stm32cube.ide.mcu.externaltools.gnu-tools-for-stm32.14.3.rel1.win32_1.0.100.202602081740/tools/bin/../lib/gcc/arm-none-eabi/14.3.1/../../../../arm-none-eabi/lib/thumb/v7e-m+fp/hard\libc_nano.a
LOAD C:/ST/STM32CubeIDE_2.2.0/STM32CubeIDE/plugins/com.st.stm32cube.ide.mcu.externaltools.gnu-tools-for-stm32.14.3.rel1.win32_1.0.100.202602081740/tools/bin/../lib/gcc/arm-none-eabi/14.3.1/../../../../arm-none-eabi/lib/thumb/v7e-m+fp/hard\libnosys.a
END GROUP
START GROUP
LOAD C:/ST/STM32CubeIDE_2.2.0/STM32CubeIDE/plugins/com.st.stm32cube.ide.mcu.externaltools.gnu-tools-for-stm32.14.3.rel1.win32_1.0.100.202602081740/tools/bin/../lib/gcc/arm-none-eabi/14.3.1/thumb/v7e-m+fp/hard\libgcc.a
LOAD C:/ST/STM32CubeIDE_2.2.0/STM32CubeIDE/plugins/com.st.stm32cube.ide.mcu.externaltools.gnu-tools-for-stm32.14.3.rel1.win32_1.0.100.202602081740/tools/bin/../lib/gcc/arm-none-eabi/14.3.1/../../../../arm-none-eabi/lib/thumb/v7e-m+fp/hard\libc_nano.a
LOAD C:/ST/STM32CubeIDE_2.2.0/STM32CubeIDE/plugins/com.st.stm32cube.ide.mcu.externaltools.gnu-tools-for-stm32.14.3.rel1.win32_1.0.100.202602081740/tools/bin/../lib/gcc/arm-none-eabi/14.3.1/../../../../arm-none-eabi/lib/thumb/v7e-m+fp/hard\libnosys.a
END GROUP
LOAD C:/ST/STM32CubeIDE_2.2.0/STM32CubeIDE/plugins/com.st.stm32cube.ide.mcu.externaltools.gnu-tools-for-stm32.14.3.rel1.win32_1.0.100.202602081740/tools/bin/../lib/gcc/arm-none-eabi/14.3.1/thumb/v7e-m+fp/hard/crtend.o
LOAD C:/ST/STM32CubeIDE_2.2.0/STM32CubeIDE/plugins/com.st.stm32cube.ide.mcu.externaltools.gnu-tools-for-stm32.14.3.rel1.win32_1.0.100.202602081740/tools/bin/../lib/gcc/arm-none-eabi/14.3.1/thumb/v7e-m+fp/hard/crtn.o
                0x20003000                        _estack = (ORIGIN (RAM) + LENGTH (RAM))
                0x00000200                        _Min_Heap_Size = 0x200
                0x00000400                        _Min_Stack_Size = 0x400

.isr_vector     0x08000000      0x188
                0x08000000                        . = ALIGN (0x4)
 *(.isr_vector)
 .isr_vector    0x08000000      0x188 ./Core/Startup/startup_stm32f303k8tx.o
                0x08000000                g_pfnVectors
                0x08000188                        . = ALIGN (0x4)

.text           0x08000190     0x96d0
                0x08000190                        . = ALIGN (0x4)
 *(.text)
 .text          0x08000190       0x40 C:/ST/STM32CubeIDE_2.2.0/STM32CubeIDE/plugins/com.st.stm32cube.ide.mcu.externaltools.gnu-tools-for-stm32.14.3.rel1.win32_1.0.100.202602081740/tools/bin/../lib/gcc/arm-none-eabi/14.3.1/thumb/v7e-m+fp/hard/crtbegin.o
 .text          0x080001d0       0xa0 C:/ST/STM32CubeIDE_2.2.0/STM32CubeIDE/plugins/com.st.stm32cube.ide.mcu.externaltools.gnu-tools-for-stm32.14.3.rel1.win32_1.0.100.202602081740/tools/bin/../lib/gcc/arm-none-eabi/14.3.1/../../../../arm-none-eabi/lib/thumb/v7e-m+fp/hard\libc_nano.a(libc_a-memchr.o)
                0x080001d0                memchr
 .text          0x08000270       0x10 C:/ST/STM32CubeIDE_2.2.0/STM32CubeIDE/plugins/com.st.stm32cube.ide.mcu.externaltools.gnu-tools-for-stm32.14.3.rel1.win32_1.0.100.202602081740/tools/bin/../lib/gcc/arm-none-eabi/14.3.1/../../../../arm-none-eabi/lib/thumb/v7e-m+fp/hard\libc_nano.a(libc_a-strlen.o)
                0x08000270                strlen
 .text          0x08000280      0x378 C:/ST/STM32CubeIDE_2.2.0/STM32CubeIDE/plugins/com.st.stm32cube.ide.mcu.externaltools.gnu-tools-for-stm32.14.3.rel1.win32_1.0.100.202602081740/tools/bin/../lib/gcc/arm-none-eabi/14.3.1/thumb/v7e-m+fp/hard\libgcc.a(_arm_addsubdf3.o)
                0x08000280                __aeabi_drsub
                0x08000288                __aeabi_dsub
                0x08000288                __subdf3
                0x0800028c                __aeabi_dadd
                0x0800028c                __adddf3
                0x08000504                __floatunsidf
                0x08000504                __aeabi_ui2d
                0x08000524                __floatsidf
                0x08000524                __aeabi_i2d
                0x08000548                __aeabi_f2d
                0x08000548                __extendsfdf2
                0x0800058c                __floatundidf
                0x0800058c                __aeabi_ul2d
                0x0800059c                __floatdidf
                0x0800059c                __aeabi_l2d
 .text          0x080005f8      0x424 C:/ST/STM32CubeIDE_2.2.0/STM32CubeIDE/plugins/com.st.stm32cube.ide.mcu.externaltools.gnu-tools-for-stm32.14.3.rel1.win32_1.0.100.202602081740/tools/bin/../lib/gcc/arm-none-eabi/14.3.1/thumb/v7e-m+fp/hard\libgcc.a(_arm_muldivdf3.o)
                0x080005f8                __aeabi_dmul
                0x080005f8                __muldf3
                0x0800084c                __divdf3
                0x0800084c                __aeabi_ddiv
 .text          0x08000a1c      0x110 C:/ST/STM32CubeIDE_2.2.0/STM32CubeIDE/plugins/com.st.stm32cube.ide.mcu.externaltools.gnu-tools-for-stm32.14.3.rel1.win32_1.0.100.202602081740/tools/bin/../lib/gcc/arm-none-eabi/14.3.1/thumb/v7e-m+fp/hard\libgcc.a(_arm_cmpdf2.o)
                0x08000a1c                __gtdf2
                0x08000a1c                __gedf2
                0x08000a24                __ltdf2
                0x08000a24                __ledf2
                0x08000a2c                __nedf2
                0x08000a2c                __eqdf2
                0x08000a2c                __cmpdf2
                0x08000aa8                __aeabi_cdrcmple
                0x08000ab8                __aeabi_cdcmpeq
                0x08000ab8                __aeabi_cdcmple
                0x08000ac8                __aeabi_dcmpeq
                0x08000adc                __aeabi_dcmplt
                0x08000af0                __aeabi_dcmple
                0x08000b04                __aeabi_dcmpge
                0x08000b18                __aeabi_dcmpgt
 .text          0x08000b2c       0x2c C:/ST/STM32CubeIDE_2.2.0/STM32CubeIDE/plugins/com.st.stm32cube.ide.mcu.externaltools.gnu-tools-for-stm32.14.3.rel1.win32_1.0.100.202602081740/tools/bin/../lib/gcc/arm-none-eabi/14.3.1/thumb/v7e-m+fp/hard\libgcc.a(_arm_unorddf2.o)
                0x08000b2c                __unorddf2
                0x08000b2c                __aeabi_dcmpun
 .text          0x08000b58       0x50 C:/ST/STM32CubeIDE_2.2.0/STM32CubeIDE/plugins/com.st.stm32cube.ide.mcu.externaltools.gnu-tools-for-stm32.14.3.rel1.win32_1.0.100.202602081740/tools/bin/../lib/gcc/arm-none-eabi/14.3.1/thumb/v7e-m+fp/hard\libgcc.a(_arm_fixdfsi.o)
                0x08000b58                __aeabi_d2iz
                0x08000b58                __fixdfsi
 .text          0x08000ba8       0xa0 C:/ST/STM32CubeIDE_2.2.0/STM32CubeIDE/plugins/com.st.stm32cube.ide.mcu.externaltools.gnu-tools-for-stm32.14.3.rel1.win32_1.0.100.202602081740/tools/bin/../lib/gcc/arm-none-eabi/14.3.1/thumb/v7e-m+fp/hard\libgcc.a(_arm_truncdfsf2.o)
                0x08000ba8                __truncdfsf2
                0x08000ba8                __aeabi_d2f
 .text          0x08000c48       0xa0 C:/ST/STM32CubeIDE_2.2.0/STM32CubeIDE/plugins/com.st.stm32cube.ide.mcu.externaltools.gnu-tools-for-stm32.14.3.rel1.win32_1.0.100.202602081740/tools/bin/../lib/gcc/arm-none-eabi/14.3.1/thumb/v7e-m+fp/hard\libgcc.a(_aeabi_ldivmod.o)
                0x08000c48                __aeabi_ldivmod
 .text          0x08000ce8      0x2f8 C:/ST/STM32CubeIDE_2.2.0/STM32CubeIDE/plugins/com.st.stm32cube.ide.mcu.externaltools.gnu-tools-for-stm32.14.3.rel1.win32_1.0.100.202602081740/tools/bin/../lib/gcc/arm-none-eabi/14.3.1/thumb/v7e-m+fp/hard\libgcc.a(_udivmoddi4.o)
                0x08000ce8                __udivmoddi4
 .text          0x08000fe0        0x4 C:/ST/STM32CubeIDE_2.2.0/STM32CubeIDE/plugins/com.st.stm32cube.ide.mcu.externaltools.gnu-tools-for-stm32.14.3.rel1.win32_1.0.100.202602081740/tools/bin/../lib/gcc/arm-none-eabi/14.3.1/thumb/v7e-m+fp/hard\libgcc.a(_dvmd_tls.o)
                0x08000fe0                __aeabi_idiv0
                0x08000fe0                __aeabi_ldiv0
 *(.text*)
 .text.main     0x08000fe4       0x94 ./Core/Src/main.o
                0x08000fe4                main
 .text.SystemClock_Config
                0x08001078       0xa4 ./Core/Src/main.o
                0x08001078                SystemClock_Config
 .text.MX_I2C1_Init
                0x0800111c       0x80 ./Core/Src/main.o
 .text.MX_TIM16_Init
                0x0800119c       0x4c ./Core/Src/main.o
 .text.MX_USART2_UART_Init
                0x080011e8       0x60 ./Core/Src/main.o
 .text.MX_GPIO_Init
                0x08001248      0x118 ./Core/Src/main.o
 .text.set_segments
                0x08001360       0xd0 ./Core/Src/main.o
                0x08001360                set_segments
 .text.update_segment_display
                0x08001430       0x84 ./Core/Src/main.o
                0x08001430                update_segment_display
 .text.refresh_display
                0x080014b4       0x54 ./Core/Src/main.o
                0x080014b4                refresh_display
 .text.HAL_TIM_PeriodElapsedCallback
                0x08001508       0x20 ./Core/Src/main.o
                0x08001508                HAL_TIM_PeriodElapsedCallback
 .text.float_to_digit
                0x08001528      0x164 ./Core/Src/main.o
                0x08001528                float_to_digit
 .text.HAL_GPIO_EXTI_Callback
                0x0800168c       0x60 ./Core/Src/main.o
                0x0800168c                HAL_GPIO_EXTI_Callback
 .text.BME280_init
                0x080016ec       0x84 ./Core/Src/main.o
                0x080016ec                BME280_init
 .text.BME280_ReadData
                0x08001770      0x11c ./Core/Src/main.o
                0x08001770                BME280_ReadData
 .text.__io_putchar
                0x0800188c       0x24 ./Core/Src/main.o
                0x0800188c                __io_putchar
 .text.BME280_calibration_parameters
                0x080018b0      0x2c4 ./Core/Src/main.o
                0x080018b0                BME280_calibration_parameters
 .text.BME280_compensate_T_int32
                0x08001b74       0x84 ./Core/Src/main.o
                0x08001b74                BME280_compensate_T_int32
 .text.BME280_compensate_P_int64
                0x08001bf8      0x57c ./Core/Src/main.o
                0x08001bf8                BME280_compensate_P_int64
 .text.BME280_compensate_H_int32
                0x08002174       0xd8 ./Core/Src/main.o
                0x08002174                BME280_compensate_H_int32
 .text.Error_Handler
                0x0800224c        0xc ./Core/Src/main.o
                0x0800224c                Error_Handler
 .text.HAL_MspInit
                0x08002258       0x48 ./Core/Src/stm32f3xx_hal_msp.o
                0x08002258                HAL_MspInit
 .text.HAL_I2C_MspInit
                0x080022a0       0x88 ./Core/Src/stm32f3xx_hal_msp.o
                0x080022a0                HAL_I2C_MspInit
 .text.HAL_TIM_Base_MspInit
                0x08002328       0x4c ./Core/Src/stm32f3xx_hal_msp.o
                0x08002328                HAL_TIM_Base_MspInit
 .text.HAL_UART_MspInit
                0x08002374       0x88 ./Core/Src/stm32f3xx_hal_msp.o
                0x08002374                HAL_UART_MspInit
 .text.NMI_Handler
                0x080023fc        0x8 ./Core/Src/stm32f3xx_it.o
                0x080023fc                NMI_Handler
 .text.HardFault_Handler
                0x08002404        0x8 ./Core/Src/stm32f3xx_it.o
                0x08002404                HardFault_Handler
 .text.MemManage_Handler
                0x0800240c        0x8 ./Core/Src/stm32f3xx_it.o
                0x0800240c                MemManage_Handler
 .text.BusFault_Handler
                0x08002414        0x8 ./Core/Src/stm32f3xx_it.o
                0x08002414                BusFault_Handler
 .text.UsageFault_Handler
                0x0800241c        0x8 ./Core/Src/stm32f3xx_it.o
                0x0800241c                UsageFault_Handler
 .text.SVC_Handler
                0x08002424        0xe ./Core/Src/stm32f3xx_it.o
                0x08002424                SVC_Handler
 .text.DebugMon_Handler
                0x08002432        0xe ./Core/Src/stm32f3xx_it.o
                0x08002432                DebugMon_Handler
 .text.PendSV_Handler
                0x08002440        0xe ./Core/Src/stm32f3xx_it.o
                0x08002440                PendSV_Handler
 .text.SysTick_Handler
                0x0800244e        0xc ./Core/Src/stm32f3xx_it.o
                0x0800244e                SysTick_Handler
 .text.EXTI0_IRQHandler
                0x0800245a        0xe ./Core/Src/stm32f3xx_it.o
                0x0800245a                EXTI0_IRQHandler
 .text.TIM1_UP_TIM16_IRQHandler
                0x08002468       0x14 ./Core/Src/stm32f3xx_it.o
                0x08002468                TIM1_UP_TIM16_IRQHandler
 .text._getpid  0x0800247c       0x10 ./Core/Src/syscalls.o
                0x0800247c                _getpid
 .text._kill    0x0800248c       0x20 ./Core/Src/syscalls.o
                0x0800248c                _kill
 .text._exit    0x080024ac       0x16 ./Core/Src/syscalls.o
                0x080024ac                _exit
 .text._read    0x080024c2       0x3a ./Core/Src/syscalls.o
                0x080024c2                _read
 .text._write   0x080024fc       0x38 ./Core/Src/syscalls.o
                0x080024fc                _write
 .text._close   0x08002534       0x18 ./Core/Src/syscalls.o
                0x08002534                _close
 .text._fstat   0x0800254c       0x20 ./Core/Src/syscalls.o
                0x0800254c                _fstat
 .text._isatty  0x0800256c       0x16 ./Core/Src/syscalls.o
                0x0800256c                _isatty
 .text._lseek   0x08002582       0x1a ./Core/Src/syscalls.o
                0x08002582                _lseek
 .text._sbrk    0x0800259c       0x6c ./Core/Src/sysmem.o
                0x0800259c                _sbrk
 .text.SystemInit
                0x08002608       0x24 ./Core/Src/system_stm32f3xx.o
                0x08002608                SystemInit
 .text.Reset_Handler
                0x0800262c       0x50 ./Core/Startup/startup_stm32f303k8tx.o
                0x0800262c                Reset_Handler
 .text.Default_Handler
                0x0800267c        0x2 ./Core/Startup/startup_stm32f303k8tx.o
                0x0800267c                RTC_Alarm_IRQHandler
                0x0800267c                TIM1_CC_IRQHandler
                0x0800267c                PVD_IRQHandler
                0x0800267c                TAMP_STAMP_IRQHandler
                0x0800267c                EXTI3_IRQHandler
                0x0800267c                FPU_IRQHandler
                0x0800267c                CAN_TX_IRQHandler
                0x0800267c                ADC1_2_IRQHandler
                0x0800267c                SPI1_IRQHandler
                0x0800267c                CAN_SCE_IRQHandler
                0x0800267c                DMA1_Channel4_IRQHandler
                0x0800267c                USART3_IRQHandler
                0x0800267c                DMA1_Channel7_IRQHandler
                0x0800267c                TIM7_DAC2_IRQHandler
                0x0800267c                CAN_RX1_IRQHandler
                0x0800267c                I2C1_EV_IRQHandler
                0x0800267c                DMA1_Channel6_IRQHandler
                0x0800267c                TIM3_IRQHandler
                0x0800267c                RCC_IRQHandler
                0x0800267c                DMA1_Channel1_IRQHandler
                0x0800267c                Default_Handler
                0x0800267c                EXTI15_10_IRQHandler
                0x0800267c                COMP2_IRQHandler
                0x0800267c                TIM6_DAC1_IRQHandler
                0x0800267c                EXTI9_5_IRQHandler
                0x0800267c                RTC_WKUP_IRQHandler
                0x0800267c                DMA1_Channel5_IRQHandler
                0x0800267c                EXTI4_IRQHandler
                0x0800267c                TIM1_TRG_COM_TIM17_IRQHandler
                0x0800267c                DMA1_Channel3_IRQHandler
                0x0800267c                WWDG_IRQHandler
                0x0800267c                TIM2_IRQHandler
                0x0800267c                EXTI1_IRQHandler
                0x0800267c                COMP4_6_IRQHandler
                0x0800267c                USART2_IRQHandler
                0x0800267c                DMA1_Channel2_IRQHandler
                0x0800267c                FLASH_IRQHandler
                0x0800267c                USART1_IRQHandler
                0x0800267c                CAN_RX0_IRQHandler
                0x0800267c                I2C1_ER_IRQHandler
                0x0800267c                EXTI2_TSC_IRQHandler
                0x0800267c                TIM1_BRK_TIM15_IRQHandler
 *fill*         0x0800267e        0x2 
 .text.HAL_Init
                0x08002680       0x2c ./Drivers/STM32F3xx_HAL_Driver/Src/stm32f3xx_hal.o
                0x08002680                HAL_Init
 .text.HAL_InitTick
                0x080026ac       0x60 ./Drivers/STM32F3xx_HAL_Driver/Src/stm32f3xx_hal.o
                0x080026ac                HAL_InitTick
 .text.HAL_IncTick
                0x0800270c       0x28 ./Drivers/STM32F3xx_HAL_Driver/Src/stm32f3xx_hal.o
                0x0800270c                HAL_IncTick
 .text.HAL_GetTick
                0x08002734       0x18 ./Drivers/STM32F3xx_HAL_Driver/Src/stm32f3xx_hal.o
                0x08002734                HAL_GetTick
 .text.HAL_Delay
                0x0800274c       0x48 ./Drivers/STM32F3xx_HAL_Driver/Src/stm32f3xx_hal.o
                0x0800274c                HAL_Delay
 .text.__NVIC_SetPriorityGrouping
                0x08002794       0x48 ./Drivers/STM32F3xx_HAL_Driver/Src/stm32f3xx_hal_cortex.o
 .text.__NVIC_GetPriorityGrouping
                0x080027dc       0x1c ./Drivers/STM32F3xx_HAL_Driver/Src/stm32f3xx_hal_cortex.o
 .text.__NVIC_EnableIRQ
                0x080027f8       0x3c ./Drivers/STM32F3xx_HAL_Driver/Src/stm32f3xx_hal_cortex.o
 .text.__NVIC_SetPriority
                0x08002834       0x54 ./Drivers/STM32F3xx_HAL_Driver/Src/stm32f3xx_hal_cortex.o
 .text.NVIC_EncodePriority
                0x08002888       0x66 ./Drivers/STM32F3xx_HAL_Driver/Src/stm32f3xx_hal_cortex.o
 *fill*         0x080028ee        0x2 
 .text.SysTick_Config
                0x080028f0       0x44 ./Drivers/STM32F3xx_HAL_Driver/Src/stm32f3xx_hal_cortex.o
 .text.HAL_NVIC_SetPriorityGrouping
                0x08002934       0x16 ./Drivers/STM32F3xx_HAL_Driver/Src/stm32f3xx_hal_cortex.o
                0x08002934                HAL_NVIC_SetPriorityGrouping
 .text.HAL_NVIC_SetPriority
                0x0800294a       0x38 ./Drivers/STM32F3xx_HAL_Driver/Src/stm32f3xx_hal_cortex.o
                0x0800294a                HAL_NVIC_SetPriority
 .text.HAL_NVIC_EnableIRQ
                0x08002982       0x1c ./Drivers/STM32F3xx_HAL_Driver/Src/stm32f3xx_hal_cortex.o
                0x08002982                HAL_NVIC_EnableIRQ
 .text.HAL_SYSTICK_Config
                0x0800299e       0x18 ./Drivers/STM32F3xx_HAL_Driver/Src/stm32f3xx_hal_cortex.o
                0x0800299e                HAL_SYSTICK_Config
 *fill*         0x080029b6        0x2 
 .text.HAL_GPIO_Init
                0x080029b8      0x2e4 ./Drivers/STM32F3xx_HAL_Driver/Src/stm32f3xx_hal_gpio.o
                0x080029b8                HAL_GPIO_Init
 .text.HAL_GPIO_WritePin
                0x08002c9c       0x30 ./Drivers/STM32F3xx_HAL_Driver/Src/stm32f3xx_hal_gpio.o
                0x08002c9c                HAL_GPIO_WritePin
 .text.HAL_GPIO_EXTI_IRQHandler
                0x08002ccc       0x30 ./Drivers/STM32F3xx_HAL_Driver/Src/stm32f3xx_hal_gpio.o
                0x08002ccc                HAL_GPIO_EXTI_IRQHandler
 .text.HAL_I2C_Init
                0x08002cfc      0x136 ./Drivers/STM32F3xx_HAL_Driver/Src/stm32f3xx_hal_i2c.o
                0x08002cfc                HAL_I2C_Init
 *fill*         0x08002e32        0x2 
 .text.HAL_I2C_Mem_Write
                0x08002e34      0x228 ./Drivers/STM32F3xx_HAL_Driver/Src/stm32f3xx_hal_i2c.o
                0x08002e34                HAL_I2C_Mem_Write
 .text.HAL_I2C_Mem_Read
                0x0800305c      0x234 ./Drivers/STM32F3xx_HAL_Driver/Src/stm32f3xx_hal_i2c.o
                0x0800305c                HAL_I2C_Mem_Read
 .text.I2C_RequestMemoryWrite
                0x08003290       0xa8 ./Drivers/STM32F3xx_HAL_Driver/Src/stm32f3xx_hal_i2c.o
 .text.I2C_RequestMemoryRead
                0x08003338       0xa8 ./Drivers/STM32F3xx_HAL_Driver/Src/stm32f3xx_hal_i2c.o
 .text.I2C_Flush_TXDR
                0x080033e0       0x48 ./Drivers/STM32F3xx_HAL_Driver/Src/stm32f3xx_hal_i2c.o
 .text.I2C_WaitOnFlagUntilTimeout
                0x08003428       0xb2 ./Drivers/STM32F3xx_HAL_Driver/Src/stm32f3xx_hal_i2c.o
 .text.I2C_WaitOnTXISFlagUntilTimeout
                0x080034da       0x8e ./Drivers/STM32F3xx_HAL_Driver/Src/stm32f3xx_hal_i2c.o
 .text.I2C_WaitOnSTOPFlagUntilTimeout
                0x08003568       0x86 ./Drivers/STM32F3xx_HAL_Driver/Src/stm32f3xx_hal_i2c.o
 *fill*         0x080035ee        0x2 
 .text.I2C_IsErrorOccurred
                0x080035f0      0x1c0 ./Drivers/STM32F3xx_HAL_Driver/Src/stm32f3xx_hal_i2c.o
 .text.I2C_TransferConfig
                0x080037b0       0x64 ./Drivers/STM32F3xx_HAL_Driver/Src/stm32f3xx_hal_i2c.o
 .text.HAL_I2CEx_ConfigAnalogFilter
                0x08003814       0x96 ./Drivers/STM32F3xx_HAL_Driver/Src/stm32f3xx_hal_i2c_ex.o
                0x08003814                HAL_I2CEx_ConfigAnalogFilter
 .text.HAL_I2CEx_ConfigDigitalFilter
                0x080038aa       0x98 ./Drivers/STM32F3xx_HAL_Driver/Src/stm32f3xx_hal_i2c_ex.o
                0x080038aa                HAL_I2CEx_ConfigDigitalFilter
 *fill*         0x08003942        0x2 
 .text.HAL_RCC_OscConfig
                0x08003944     0x101c ./Drivers/STM32F3xx_HAL_Driver/Src/stm32f3xx_hal_rcc.o
                0x08003944                HAL_RCC_OscConfig
 .text.HAL_RCC_ClockConfig
                0x08004960      0x2dc ./Drivers/STM32F3xx_HAL_Driver/Src/stm32f3xx_hal_rcc.o
                0x08004960                HAL_RCC_ClockConfig
 .text.HAL_RCC_GetSysClockFreq
                0x08004c3c       0xa8 ./Drivers/STM32F3xx_HAL_Driver/Src/stm32f3xx_hal_rcc.o
                0x08004c3c                HAL_RCC_GetSysClockFreq
 .text.HAL_RCC_GetHCLKFreq
                0x08004ce4       0x18 ./Drivers/STM32F3xx_HAL_Driver/Src/stm32f3xx_hal_rcc.o
                0x08004ce4                HAL_RCC_GetHCLKFreq
 .text.HAL_RCC_GetPCLK1Freq
                0x08004cfc       0x44 ./Drivers/STM32F3xx_HAL_Driver/Src/stm32f3xx_hal_rcc.o
                0x08004cfc                HAL_RCC_GetPCLK1Freq
 .text.HAL_RCC_GetPCLK2Freq
                0x08004d40       0x44 ./Drivers/STM32F3xx_HAL_Driver/Src/stm32f3xx_hal_rcc.o
                0x08004d40                HAL_RCC_GetPCLK2Freq
 .text.HAL_RCCEx_PeriphCLKConfig
                0x08004d84      0x248 ./Drivers/STM32F3xx_HAL_Driver/Src/stm32f3xx_hal_rcc_ex.o
                0x08004d84                HAL_RCCEx_PeriphCLKConfig
 .text.HAL_TIM_Base_Init
                0x08004fcc       0xae ./Drivers/STM32F3xx_HAL_Driver/Src/stm32f3xx_hal_tim.o
                0x08004fcc                HAL_TIM_Base_Init
 *fill*         0x0800507a        0x2 
 .text.HAL_TIM_Base_Start_IT
                0x0800507c       0xb8 ./Drivers/STM32F3xx_HAL_Driver/Src/stm32f3xx_hal_tim.o
                0x0800507c                HAL_TIM_Base_Start_IT
 .text.HAL_TIM_IRQHandler
                0x08005134      0x204 ./Drivers/STM32F3xx_HAL_Driver/Src/stm32f3xx_hal_tim.o
                0x08005134                HAL_TIM_IRQHandler
 .text.HAL_TIM_OC_DelayElapsedCallback
                0x08005338       0x14 ./Drivers/STM32F3xx_HAL_Driver/Src/stm32f3xx_hal_tim.o
                0x08005338                HAL_TIM_OC_DelayElapsedCallback
 .text.HAL_TIM_IC_CaptureCallback
                0x0800534c       0x14 ./Drivers/STM32F3xx_HAL_Driver/Src/stm32f3xx_hal_tim.o
                0x0800534c                HAL_TIM_IC_CaptureCallback
 .text.HAL_TIM_PWM_PulseFinishedCallback
                0x08005360       0x14 ./Drivers/STM32F3xx_HAL_Driver/Src/stm32f3xx_hal_tim.o
                0x08005360                HAL_TIM_PWM_PulseFinishedCallback
 .text.HAL_TIM_TriggerCallback
                0x08005374       0x14 ./Drivers/STM32F3xx_HAL_Driver/Src/stm32f3xx_hal_tim.o
                0x08005374                HAL_TIM_TriggerCallback
 .text.TIM_Base_SetConfig
                0x08005388      0x108 ./Drivers/STM32F3xx_HAL_Driver/Src/stm32f3xx_hal_tim.o
                0x08005388                TIM_Base_SetConfig
 .text.HAL_TIMEx_CommutCallback
                0x08005490       0x14 ./Drivers/STM32F3xx_HAL_Driver/Src/stm32f3xx_hal_tim_ex.o
                0x08005490                HAL_TIMEx_CommutCallback
 .text.HAL_TIMEx_BreakCallback
                0x080054a4       0x14 ./Drivers/STM32F3xx_HAL_Driver/Src/stm32f3xx_hal_tim_ex.o
                0x080054a4                HAL_TIMEx_BreakCallback
 .text.HAL_TIMEx_Break2Callback
                0x080054b8       0x14 ./Drivers/STM32F3xx_HAL_Driver/Src/stm32f3xx_hal_tim_ex.o
                0x080054b8                HAL_TIMEx_Break2Callback
 .text.HAL_UART_Init
                0x080054cc       0x9c ./Drivers/STM32F3xx_HAL_Driver/Src/stm32f3xx_hal_uart.o
                0x080054cc                HAL_UART_Init
 .text.HAL_UART_Transmit
                0x08005568      0x112 ./Drivers/STM32F3xx_HAL_Driver/Src/stm32f3xx_hal_uart.o
                0x08005568                HAL_UART_Transmit
 *fill*         0x0800567a        0x2 
 .text.UART_SetConfig
                0x0800567c      0x26c ./Drivers/STM32F3xx_HAL_Driver/Src/stm32f3xx_hal_uart.o
                0x0800567c                UART_SetConfig
 .text.UART_AdvFeatureConfig
                0x080058e8      0x144 ./Drivers/STM32F3xx_HAL_Driver/Src/stm32f3xx_hal_uart.o
                0x080058e8                UART_AdvFeatureConfig
 .text.UART_CheckIdleState
                0x08005a2c      0x150 ./Drivers/STM32F3xx_HAL_Driver/Src/stm32f3xx_hal_uart.o
                0x08005a2c                UART_CheckIdleState
 .text.UART_WaitOnFlagUntilTimeout
                0x08005b7c       0xda ./Drivers/STM32F3xx_HAL_Driver/Src/stm32f3xx_hal_uart.o
                0x08005b7c                UART_WaitOnFlagUntilTimeout
 .text.UART_EndRxTransfer
                0x08005c56       0xc8 ./Drivers/STM32F3xx_HAL_Driver/Src/stm32f3xx_hal_uart.o
 .text.__cvt    0x08005d1e       0xca C:/ST/STM32CubeIDE_2.2.0/STM32CubeIDE/plugins/com.st.stm32cube.ide.mcu.externaltools.gnu-tools-for-stm32.14.3.rel1.win32_1.0.100.202602081740/tools/bin/../lib/gcc/arm-none-eabi/14.3.1/../../../../arm-none-eabi/lib/thumb/v7e-m+fp/hard\libc_nano.a(libc_a-nano-vfprintf_float.o)
                0x08005d1e                __cvt
 .text.__exponent
                0x08005de8       0x74 C:/ST/STM32CubeIDE_2.2.0/STM32CubeIDE/plugins/com.st.stm32cube.ide.mcu.externaltools.gnu-tools-for-stm32.14.3.rel1.win32_1.0.100.202602081740/tools/bin/../lib/gcc/arm-none-eabi/14.3.1/../../../../arm-none-eabi/lib/thumb/v7e-m+fp/hard\libc_nano.a(libc_a-nano-vfprintf_float.o)
                0x08005de8                __exponent
 .text._printf_float
                0x08005e5c      0x450 C:/ST/STM32CubeIDE_2.2.0/STM32CubeIDE/plugins/com.st.stm32cube.ide.mcu.externaltools.gnu-tools-for-stm32.14.3.rel1.win32_1.0.100.202602081740/tools/bin/../lib/gcc/arm-none-eabi/14.3.1/../../../../arm-none-eabi/lib/thumb/v7e-m+fp/hard\libc_nano.a(libc_a-nano-vfprintf_float.o)
                0x08005e5c                _printf_float
 .text._printf_common
                0x080062ac       0xda C:/ST/STM32CubeIDE_2.2.0/STM32CubeIDE/plugins/com.st.stm32cube.ide.mcu.externaltools.gnu-tools-for-stm32.14.3.rel1.win32_1.0.100.202602081740/tools/bin/../lib/gcc/arm-none-eabi/14.3.1/../../../../arm-none-eabi/lib/thumb/v7e-m+fp/hard\libc_nano.a(libc_a-nano-vfprintf_i.o)
                0x080062ac                _printf_common
 *fill*         0x08006386        0x2 
 .text._printf_i
                0x08006388      0x24c C:/ST/STM32CubeIDE_2.2.0/STM32CubeIDE/plugins/com.st.stm32cube.ide.mcu.externaltools.gnu-tools-for-stm32.14.3.rel1.win32_1.0.100.202602081740/tools/bin/../lib/gcc/arm-none-eabi/14.3.1/../../../../arm-none-eabi/lib/thumb/v7e-m+fp/hard\libc_nano.a(libc_a-nano-vfprintf_i.o)
                0x08006388                _printf_i
 .text.std      0x080065d4       0x6c C:/ST/STM32CubeIDE_2.2.0/STM32CubeIDE/plugins/com.st.stm32cube.ide.mcu.externaltools.gnu-tools-for-stm32.14.3.rel1.win32_1.0.100.202602081740/tools/bin/../lib/gcc/arm-none-eabi/14.3.1/../../../../arm-none-eabi/lib/thumb/v7e-m+fp/hard\libc_nano.a(libc_a-findfp.o)
 .text.stdio_exit_handler
                0x08006640       0x18 C:/ST/STM32CubeIDE_2.2.0/STM32CubeIDE/plugins/com.st.stm32cube.ide.mcu.externaltools.gnu-tools-for-stm32.14.3.rel1.win32_1.0.100.202602081740/tools/bin/../lib/gcc/arm-none-eabi/14.3.1/../../../../arm-none-eabi/lib/thumb/v7e-m+fp/hard\libc_nano.a(libc_a-findfp.o)
 .text.cleanup_stdio
                0x08006658       0x40 C:/ST/STM32CubeIDE_2.2.0/STM32CubeIDE/plugins/com.st.stm32cube.ide.mcu.externaltools.gnu-tools-for-stm32.14.3.rel1.win32_1.0.100.202602081740/tools/bin/../lib/gcc/arm-none-eabi/14.3.1/../../../../arm-none-eabi/lib/thumb/v7e-m+fp/hard\libc_nano.a(libc_a-findfp.o)
 .text.global_stdio_init.part.0
                0x08006698       0x40 C:/ST/STM32CubeIDE_2.2.0/STM32CubeIDE/plugins/com.st.stm32cube.ide.mcu.externaltools.gnu-tools-for-stm32.14.3.rel1.win32_1.0.100.202602081740/tools/bin/../lib/gcc/arm-none-eabi/14.3.1/../../../../arm-none-eabi/lib/thumb/v7e-m+fp/hard\libc_nano.a(libc_a-findfp.o)
 .text.__sfp_lock_acquire
                0x080066d8        0xc C:/ST/STM32CubeIDE_2.2.0/STM32CubeIDE/plugins/com.st.stm32cube.ide.mcu.externaltools.gnu-tools-for-stm32.14.3.rel1.win32_1.0.100.202602081740/tools/bin/../lib/gcc/arm-none-eabi/14.3.1/../../../../arm-none-eabi/lib/thumb/v7e-m+fp/hard\libc_nano.a(libc_a-findfp.o)
                0x080066d8                __sfp_lock_acquire
 .text.__sfp_lock_release
                0x080066e4        0xc C:/ST/STM32CubeIDE_2.2.0/STM32CubeIDE/plugins/com.st.stm32cube.ide.mcu.externaltools.gnu-tools-for-stm32.14.3.rel1.win32_1.0.100.202602081740/tools/bin/../lib/gcc/arm-none-eabi/14.3.1/../../../../arm-none-eabi/lib/thumb/v7e-m+fp/hard\libc_nano.a(libc_a-findfp.o)
                0x080066e4                __sfp_lock_release
 .text.__sinit  0x080066f0       0x30 C:/ST/STM32CubeIDE_2.2.0/STM32CubeIDE/plugins/com.st.stm32cube.ide.mcu.externaltools.gnu-tools-for-stm32.14.3.rel1.win32_1.0.100.202602081740/tools/bin/../lib/gcc/arm-none-eabi/14.3.1/../../../../arm-none-eabi/lib/thumb/v7e-m+fp/hard\libc_nano.a(libc_a-findfp.o)
                0x080066f0                __sinit
 .text._fwalk_sglue
                0x08006720       0x3c C:/ST/STM32CubeIDE_2.2.0/STM32CubeIDE/plugins/com.st.stm32cube.ide.mcu.externaltools.gnu-tools-for-stm32.14.3.rel1.win32_1.0.100.202602081740/tools/bin/../lib/gcc/arm-none-eabi/14.3.1/../../../../arm-none-eabi/lib/thumb/v7e-m+fp/hard\libc_nano.a(libc_a-fwalk.o)
                0x08006720                _fwalk_sglue
 .text.printf   0x0800675c       0x24 C:/ST/STM32CubeIDE_2.2.0/STM32CubeIDE/plugins/com.st.stm32cube.ide.mcu.externaltools.gnu-tools-for-stm32.14.3.rel1.win32_1.0.100.202602081740/tools/bin/../lib/gcc/arm-none-eabi/14.3.1/../../../../arm-none-eabi/lib/thumb/v7e-m+fp/hard\libc_nano.a(libc_a-printf.o)
                0x0800675c                iprintf
                0x0800675c                printf
 .text._puts_r  0x08006780       0xaa C:/ST/STM32CubeIDE_2.2.0/STM32CubeIDE/plugins/com.st.stm32cube.ide.mcu.externaltools.gnu-tools-for-stm32.14.3.rel1.win32_1.0.100.202602081740/tools/bin/../lib/gcc/arm-none-eabi/14.3.1/../../../../arm-none-eabi/lib/thumb/v7e-m+fp/hard\libc_nano.a(libc_a-puts.o)
                0x08006780                _puts_r
 *fill*         0x0800682a        0x2 
 .text.puts     0x0800682c       0x10 C:/ST/STM32CubeIDE_2.2.0/STM32CubeIDE/plugins/com.st.stm32cube.ide.mcu.externaltools.gnu-tools-for-stm32.14.3.rel1.win32_1.0.100.202602081740/tools/bin/../lib/gcc/arm-none-eabi/14.3.1/../../../../arm-none-eabi/lib/thumb/v7e-m+fp/hard\libc_nano.a(libc_a-puts.o)
                0x0800682c                puts
 .text.__sread  0x0800683c       0x22 C:/ST/STM32CubeIDE_2.2.0/STM32CubeIDE/plugins/com.st.stm32cube.ide.mcu.externaltools.gnu-tools-for-stm32.14.3.rel1.win32_1.0.100.202602081740/tools/bin/../lib/gcc/arm-none-eabi/14.3.1/../../../../arm-none-eabi/lib/thumb/v7e-m+fp/hard\libc_nano.a(libc_a-stdio.o)
                0x0800683c                __sread
 .text.__swrite
                0x0800685e       0x38 C:/ST/STM32CubeIDE_2.2.0/STM32CubeIDE/plugins/com.st.stm32cube.ide.mcu.externaltools.gnu-tools-for-stm32.14.3.rel1.win32_1.0.100.202602081740/tools/bin/../lib/gcc/arm-none-eabi/14.3.1/../../../../arm-none-eabi/lib/thumb/v7e-m+fp/hard\libc_nano.a(libc_a-stdio.o)
                0x0800685e                __swrite
 .text.__sseek  0x08006896       0x26 C:/ST/STM32CubeIDE_2.2.0/STM32CubeIDE/plugins/com.st.stm32cube.ide.mcu.externaltools.gnu-tools-for-stm32.14.3.rel1.win32_1.0.100.202602081740/tools/bin/../lib/gcc/arm-none-eabi/14.3.1/../../../../arm-none-eabi/lib/thumb/v7e-m+fp/hard\libc_nano.a(libc_a-stdio.o)
                0x08006896                __sseek
 .text.__sclose
                0x080068bc        0x8 C:/ST/STM32CubeIDE_2.2.0/STM32CubeIDE/plugins/com.st.stm32cube.ide.mcu.externaltools.gnu-tools-for-stm32.14.3.rel1.win32_1.0.100.202602081740/tools/bin/../lib/gcc/arm-none-eabi/14.3.1/../../../../arm-none-eabi/lib/thumb/v7e-m+fp/hard\libc_nano.a(libc_a-stdio.o)
                0x080068bc                __sclose
 .text.__swbuf_r
                0x080068c4       0x7c C:/ST/STM32CubeIDE_2.2.0/STM32CubeIDE/plugins/com.st.stm32cube.ide.mcu.externaltools.gnu-tools-for-stm32.14.3.rel1.win32_1.0.100.202602081740/tools/bin/../lib/gcc/arm-none-eabi/14.3.1/../../../../arm-none-eabi/lib/thumb/v7e-m+fp/hard\libc_nano.a(libc_a-wbuf.o)
                0x080068c4                __swbuf_r
 .text.__swsetup_r
                0x08006940       0xa8 C:/ST/STM32CubeIDE_2.2.0/STM32CubeIDE/plugins/com.st.stm32cube.ide.mcu.externaltools.gnu-tools-for-stm32.14.3.rel1.win32_1.0.100.202602081740/tools/bin/../lib/gcc/arm-none-eabi/14.3.1/../../../../arm-none-eabi/lib/thumb/v7e-m+fp/hard\libc_nano.a(libc_a-wsetup.o)
                0x08006940                __swsetup_r
 .text.memset   0x080069e8       0x10 C:/ST/STM32CubeIDE_2.2.0/STM32CubeIDE/plugins/com.st.stm32cube.ide.mcu.externaltools.gnu-tools-for-stm32.14.3.rel1.win32_1.0.100.202602081740/tools/bin/../lib/gcc/arm-none-eabi/14.3.1/../../../../arm-none-eabi/lib/thumb/v7e-m+fp/hard\libc_nano.a(libc_a-memset.o)
                0x080069e8                memset
 .text._localeconv_r
                0x080069f8        0x8 C:/ST/STM32CubeIDE_2.2.0/STM32CubeIDE/plugins/com.st.stm32cube.ide.mcu.externaltools.gnu-tools-for-stm32.14.3.rel1.win32_1.0.100.202602081740/tools/bin/../lib/gcc/arm-none-eabi/14.3.1/../../../../arm-none-eabi/lib/thumb/v7e-m+fp/hard\libc_nano.a(libc_a-localeconv.o)
                0x080069f8                _localeconv_r
 .text._close_r
                0x08006a00       0x20 C:/ST/STM32CubeIDE_2.2.0/STM32CubeIDE/plugins/com.st.stm32cube.ide.mcu.externaltools.gnu-tools-for-stm32.14.3.rel1.win32_1.0.100.202602081740/tools/bin/../lib/gcc/arm-none-eabi/14.3.1/../../../../arm-none-eabi/lib/thumb/v7e-m+fp/hard\libc_nano.a(libc_a-closer.o)
                0x08006a00                _close_r
 .text._lseek_r
                0x08006a20       0x24 C:/ST/STM32CubeIDE_2.2.0/STM32CubeIDE/plugins/com.st.stm32cube.ide.mcu.externaltools.gnu-tools-for-stm32.14.3.rel1.win32_1.0.100.202602081740/tools/bin/../lib/gcc/arm-none-eabi/14.3.1/../../../../arm-none-eabi/lib/thumb/v7e-m+fp/hard\libc_nano.a(libc_a-lseekr.o)
                0x08006a20                _lseek_r
 .text._read_r  0x08006a44       0x24 C:/ST/STM32CubeIDE_2.2.0/STM32CubeIDE/plugins/com.st.stm32cube.ide.mcu.externaltools.gnu-tools-for-stm32.14.3.rel1.win32_1.0.100.202602081740/tools/bin/../lib/gcc/arm-none-eabi/14.3.1/../../../../arm-none-eabi/lib/thumb/v7e-m+fp/hard\libc_nano.a(libc_a-readr.o)
                0x08006a44                _read_r
 .text._write_r
                0x08006a68       0x24 C:/ST/STM32CubeIDE_2.2.0/STM32CubeIDE/plugins/com.st.stm32cube.ide.mcu.externaltools.gnu-tools-for-stm32.14.3.rel1.win32_1.0.100.202602081740/tools/bin/../lib/gcc/arm-none-eabi/14.3.1/../../../../arm-none-eabi/lib/thumb/v7e-m+fp/hard\libc_nano.a(libc_a-writer.o)
                0x08006a68                _write_r
 .text.__errno  0x08006a8c        0xc C:/ST/STM32CubeIDE_2.2.0/STM32CubeIDE/plugins/com.st.stm32cube.ide.mcu.externaltools.gnu-tools-for-stm32.14.3.rel1.win32_1.0.100.202602081740/tools/bin/../lib/gcc/arm-none-eabi/14.3.1/../../../../arm-none-eabi/lib/thumb/v7e-m+fp/hard\libc_nano.a(libc_a-errno.o)
                0x08006a8c                __errno
 .text.__libc_init_array
                0x08006a98       0x48 C:/ST/STM32CubeIDE_2.2.0/STM32CubeIDE/plugins/com.st.stm32cube.ide.mcu.externaltools.gnu-tools-for-stm32.14.3.rel1.win32_1.0.100.202602081740/tools/bin/../lib/gcc/arm-none-eabi/14.3.1/../../../../arm-none-eabi/lib/thumb/v7e-m+fp/hard\libc_nano.a(libc_a-init.o)
                0x08006a98                __libc_init_array
 .text.__retarget_lock_init_recursive
                0x08006ae0        0x2 C:/ST/STM32CubeIDE_2.2.0/STM32CubeIDE/plugins/com.st.stm32cube.ide.mcu.externaltools.gnu-tools-for-stm32.14.3.rel1.win32_1.0.100.202602081740/tools/bin/../lib/gcc/arm-none-eabi/14.3.1/../../../../arm-none-eabi/lib/thumb/v7e-m+fp/hard\libc_nano.a(libc_a-lock.o)
                0x08006ae0                __retarget_lock_init_recursive
 .text.__retarget_lock_acquire_recursive
                0x08006ae2        0x2 C:/ST/STM32CubeIDE_2.2.0/STM32CubeIDE/plugins/com.st.stm32cube.ide.mcu.externaltools.gnu-tools-for-stm32.14.3.rel1.win32_1.0.100.202602081740/tools/bin/../lib/gcc/arm-none-eabi/14.3.1/../../../../arm-none-eabi/lib/thumb/v7e-m+fp/hard\libc_nano.a(libc_a-lock.o)
                0x08006ae2                __retarget_lock_acquire_recursive
 .text.__retarget_lock_release_recursive
                0x08006ae4        0x2 C:/ST/STM32CubeIDE_2.2.0/STM32CubeIDE/plugins/com.st.stm32cube.ide.mcu.externaltools.gnu-tools-for-stm32.14.3.rel1.win32_1.0.100.202602081740/tools/bin/../lib/gcc/arm-none-eabi/14.3.1/../../../../arm-none-eabi/lib/thumb/v7e-m+fp/hard\libc_nano.a(libc_a-lock.o)
                0x08006ae4                __retarget_lock_release_recursive
 .text.quorem   0x08006ae6      0x110 C:/ST/STM32CubeIDE_2.2.0/STM32CubeIDE/plugins/com.st.stm32cube.ide.mcu.externaltools.gnu-tools-for-stm32.14.3.rel1.win32_1.0.100.202602081740/tools/bin/../lib/gcc/arm-none-eabi/14.3.1/../../../../arm-none-eabi/lib/thumb/v7e-m+fp/hard\libc_nano.a(libc_a-dtoa.o)
 *fill*         0x08006bf6        0x2 
 .text._dtoa_r  0x08006bf8      0xbb8 C:/ST/STM32CubeIDE_2.2.0/STM32CubeIDE/plugins/com.st.stm32cube.ide.mcu.externaltools.gnu-tools-for-stm32.14.3.rel1.win32_1.0.100.202602081740/tools/bin/../lib/gcc/arm-none-eabi/14.3.1/../../../../arm-none-eabi/lib/thumb/v7e-m+fp/hard\libc_nano.a(libc_a-dtoa.o)
                0x08006bf8                _dtoa_r
 .text._free_r  0x080077b0       0x94 C:/ST/STM32CubeIDE_2.2.0/STM32CubeIDE/plugins/com.st.stm32cube.ide.mcu.externaltools.gnu-tools-for-stm32.14.3.rel1.win32_1.0.100.202602081740/tools/bin/../lib/gcc/arm-none-eabi/14.3.1/../../../../arm-none-eabi/lib/thumb/v7e-m+fp/hard\libc_nano.a(libc_a-freer.o)
                0x080077b0                _free_r
 .text.malloc   0x08007844       0x10 C:/ST/STM32CubeIDE_2.2.0/STM32CubeIDE/plugins/com.st.stm32cube.ide.mcu.externaltools.gnu-tools-for-stm32.14.3.rel1.win32_1.0.100.202602081740/tools/bin/../lib/gcc/arm-none-eabi/14.3.1/../../../../arm-none-eabi/lib/thumb/v7e-m+fp/hard\libc_nano.a(libc_a-malloc.o)
                0x08007844                malloc
 .text.sbrk_aligned
                0x08007854       0x44 C:/ST/STM32CubeIDE_2.2.0/STM32CubeIDE/plugins/com.st.stm32cube.ide.mcu.externaltools.gnu-tools-for-stm32.14.3.rel1.win32_1.0.100.202602081740/tools/bin/../lib/gcc/arm-none-eabi/14.3.1/../../../../arm-none-eabi/lib/thumb/v7e-m+fp/hard\libc_nano.a(libc_a-mallocr.o)
 .text._malloc_r
                0x08007898      0x100 C:/ST/STM32CubeIDE_2.2.0/STM32CubeIDE/plugins/com.st.stm32cube.ide.mcu.externaltools.gnu-tools-for-stm32.14.3.rel1.win32_1.0.100.202602081740/tools/bin/../lib/gcc/arm-none-eabi/14.3.1/../../../../arm-none-eabi/lib/thumb/v7e-m+fp/hard\libc_nano.a(libc_a-mallocr.o)
                0x08007898                _malloc_r
 .text.__malloc_lock
                0x08007998        0xc C:/ST/STM32CubeIDE_2.2.0/STM32CubeIDE/plugins/com.st.stm32cube.ide.mcu.externaltools.gnu-tools-for-stm32.14.3.rel1.win32_1.0.100.202602081740/tools/bin/../lib/gcc/arm-none-eabi/14.3.1/../../../../arm-none-eabi/lib/thumb/v7e-m+fp/hard\libc_nano.a(libc_a-mlock.o)
                0x08007998                __malloc_lock
 .text.__malloc_unlock
                0x080079a4        0xc C:/ST/STM32CubeIDE_2.2.0/STM32CubeIDE/plugins/com.st.stm32cube.ide.mcu.externaltools.gnu-tools-for-stm32.14.3.rel1.win32_1.0.100.202602081740/tools/bin/../lib/gcc/arm-none-eabi/14.3.1/../../../../arm-none-eabi/lib/thumb/v7e-m+fp/hard\libc_nano.a(libc_a-mlock.o)
                0x080079a4                __malloc_unlock
 .text._Balloc  0x080079b0       0x7c C:/ST/STM32CubeIDE_2.2.0/STM32CubeIDE/plugins/com.st.stm32cube.ide.mcu.externaltools.gnu-tools-for-stm32.14.3.rel1.win32_1.0.100.202602081740/tools/bin/../lib/gcc/arm-none-eabi/14.3.1/../../../../arm-none-eabi/lib/thumb/v7e-m+fp/hard\libc_nano.a(libc_a-mprec.o)
                0x080079b0                _Balloc
 .text._Bfree   0x08007a2c       0x44 C:/ST/STM32CubeIDE_2.2.0/STM32CubeIDE/plugins/com.st.stm32cube.ide.mcu.externaltools.gnu-tools-for-stm32.14.3.rel1.win32_1.0.100.202602081740/tools/bin/../lib/gcc/arm-none-eabi/14.3.1/../../../../arm-none-eabi/lib/thumb/v7e-m+fp/hard\libc_nano.a(libc_a-mprec.o)
                0x08007a2c                _Bfree
 .text.__multadd
                0x08007a70       0x8c C:/ST/STM32CubeIDE_2.2.0/STM32CubeIDE/plugins/com.st.stm32cube.ide.mcu.externaltools.gnu-tools-for-stm32.14.3.rel1.win32_1.0.100.202602081740/tools/bin/../lib/gcc/arm-none-eabi/14.3.1/../../../../arm-none-eabi/lib/thumb/v7e-m+fp/hard\libc_nano.a(libc_a-mprec.o)
                0x08007a70                __multadd
 .text.__hi0bits
                0x08007afc       0x3e C:/ST/STM32CubeIDE_2.2.0/STM32CubeIDE/plugins/com.st.stm32cube.ide.mcu.externaltools.gnu-tools-for-stm32.14.3.rel1.win32_1.0.100.202602081740/tools/bin/../lib/gcc/arm-none-eabi/14.3.1/../../../../arm-none-eabi/lib/thumb/v7e-m+fp/hard\libc_nano.a(libc_a-mprec.o)
                0x08007afc                __hi0bits
 .text.__lo0bits
                0x08007b3a       0x5a C:/ST/STM32CubeIDE_2.2.0/STM32CubeIDE/plugins/com.st.stm32cube.ide.mcu.externaltools.gnu-tools-for-stm32.14.3.rel1.win32_1.0.100.202602081740/tools/bin/../lib/gcc/arm-none-eabi/14.3.1/../../../../arm-none-eabi/lib/thumb/v7e-m+fp/hard\libc_nano.a(libc_a-mprec.o)
                0x08007b3a                __lo0bits
 .text.__i2b    0x08007b94       0x2c C:/ST/STM32CubeIDE_2.2.0/STM32CubeIDE/plugins/com.st.stm32cube.ide.mcu.externaltools.gnu-tools-for-stm32.14.3.rel1.win32_1.0.100.202602081740/tools/bin/../lib/gcc/arm-none-eabi/14.3.1/../../../../arm-none-eabi/lib/thumb/v7e-m+fp/hard\libc_nano.a(libc_a-mprec.o)
                0x08007b94                __i2b
 .text.__multiply
                0x08007bc0      0x154 C:/ST/STM32CubeIDE_2.2.0/STM32CubeIDE/plugins/com.st.stm32cube.ide.mcu.externaltools.gnu-tools-for-stm32.14.3.rel1.win32_1.0.100.202602081740/tools/bin/../lib/gcc/arm-none-eabi/14.3.1/../../../../arm-none-eabi/lib/thumb/v7e-m+fp/hard\libc_nano.a(libc_a-mprec.o)
                0x08007bc0                __multiply
 .text.__pow5mult
                0x08007d14       0xb8 C:/ST/STM32CubeIDE_2.2.0/STM32CubeIDE/plugins/com.st.stm32cube.ide.mcu.externaltools.gnu-tools-for-stm32.14.3.rel1.win32_1.0.100.202602081740/tools/bin/../lib/gcc/arm-none-eabi/14.3.1/../../../../arm-none-eabi/lib/thumb/v7e-m+fp/hard\libc_nano.a(libc_a-mprec.o)
                0x08007d14                __pow5mult
 .text.__lshift
                0x08007dcc       0xdc C:/ST/STM32CubeIDE_2.2.0/STM32CubeIDE/plugins/com.st.stm32cube.ide.mcu.externaltools.gnu-tools-for-stm32.14.3.rel1.win32_1.0.100.202602081740/tools/bin/../lib/gcc/arm-none-eabi/14.3.1/../../../../arm-none-eabi/lib/thumb/v7e-m+fp/hard\libc_nano.a(libc_a-mprec.o)
                0x08007dcc                __lshift
 .text.__mcmp   0x08007ea8       0x36 C:/ST/STM32CubeIDE_2.2.0/STM32CubeIDE/plugins/com.st.stm32cube.ide.mcu.externaltools.gnu-tools-for-stm32.14.3.rel1.win32_1.0.100.202602081740/tools/bin/../lib/gcc/arm-none-eabi/14.3.1/../../../../arm-none-eabi/lib/thumb/v7e-m+fp/hard\libc_nano.a(libc_a-mprec.o)
                0x08007ea8                __mcmp
 *fill*         0x08007ede        0x2 
 .text.__mdiff  0x08007ee0      0x130 C:/ST/STM32CubeIDE_2.2.0/STM32CubeIDE/plugins/com.st.stm32cube.ide.mcu.externaltools.gnu-tools-for-stm32.14.3.rel1.win32_1.0.100.202602081740/tools/bin/../lib/gcc/arm-none-eabi/14.3.1/../../../../arm-none-eabi/lib/thumb/v7e-m+fp/hard\libc_nano.a(libc_a-mprec.o)
                0x08007ee0                __mdiff
 .text.__d2b    0x08008010       0xb0 C:/ST/STM32CubeIDE_2.2.0/STM32CubeIDE/plugins/com.st.stm32cube.ide.mcu.externaltools.gnu-tools-for-stm32.14.3.rel1.win32_1.0.100.202602081740/tools/bin/../lib/gcc/arm-none-eabi/14.3.1/../../../../arm-none-eabi/lib/thumb/v7e-m+fp/hard\libc_nano.a(libc_a-mprec.o)
                0x08008010                __d2b
 .text.__sfputc_r
                0x080080c0       0x2e C:/ST/STM32CubeIDE_2.2.0/STM32CubeIDE/plugins/com.st.stm32cube.ide.mcu.externaltools.gnu-tools-for-stm32.14.3.rel1.win32_1.0.100.202602081740/tools/bin/../lib/gcc/arm-none-eabi/14.3.1/../../../../arm-none-eabi/lib/thumb/v7e-m+fp/hard\libc_nano.a(libc_a-nano-vfprintf.o)
 .text.__sfputs_r
                0x080080ee       0x24 C:/ST/STM32CubeIDE_2.2.0/STM32CubeIDE/plugins/com.st.stm32cube.ide.mcu.externaltools.gnu-tools-for-stm32.14.3.rel1.win32_1.0.100.202602081740/tools/bin/../lib/gcc/arm-none-eabi/14.3.1/../../../../arm-none-eabi/lib/thumb/v7e-m+fp/hard\libc_nano.a(libc_a-nano-vfprintf.o)
                0x080080ee                __sfputs_r
 *fill*         0x08008112        0x2 
 .text._vfprintf_r
                0x08008114      0x228 C:/ST/STM32CubeIDE_2.2.0/STM32CubeIDE/plugins/com.st.stm32cube.ide.mcu.externaltools.gnu-tools-for-stm32.14.3.rel1.win32_1.0.100.202602081740/tools/bin/../lib/gcc/arm-none-eabi/14.3.1/../../../../arm-none-eabi/lib/thumb/v7e-m+fp/hard\libc_nano.a(libc_a-nano-vfprintf.o)
                0x08008114                _vfprintf_r
                0x08008114                _vfiprintf_r
 .text.__sflush_r
                0x0800833c      0x104 C:/ST/STM32CubeIDE_2.2.0/STM32CubeIDE/plugins/com.st.stm32cube.ide.mcu.externaltools.gnu-tools-for-stm32.14.3.rel1.win32_1.0.100.202602081740/tools/bin/../lib/gcc/arm-none-eabi/14.3.1/../../../../arm-none-eabi/lib/thumb/v7e-m+fp/hard\libc_nano.a(libc_a-fflush.o)
                0x0800833c                __sflush_r
 .text._fflush_r
                0x08008440       0x50 C:/ST/STM32CubeIDE_2.2.0/STM32CubeIDE/plugins/com.st.stm32cube.ide.mcu.externaltools.gnu-tools-for-stm32.14.3.rel1.win32_1.0.100.202602081740/tools/bin/../lib/gcc/arm-none-eabi/14.3.1/../../../../arm-none-eabi/lib/thumb/v7e-m+fp/hard\libc_nano.a(libc_a-fflush.o)
                0x08008440                _fflush_r
 .text.__swhatbuf_r
                0x08008490       0x48 C:/ST/STM32CubeIDE_2.2.0/STM32CubeIDE/plugins/com.st.stm32cube.ide.mcu.externaltools.gnu-tools-for-stm32.14.3.rel1.win32_1.0.100.202602081740/tools/bin/../lib/gcc/arm-none-eabi/14.3.1/../../../../arm-none-eabi/lib/thumb/v7e-m+fp/hard\libc_nano.a(libc_a-makebuf.o)
                0x08008490                __swhatbuf_r
 .text.__smakebuf_r
                0x080084d8       0x72 C:/ST/STM32CubeIDE_2.2.0/STM32CubeIDE/plugins/com.st.stm32cube.ide.mcu.externaltools.gnu-tools-for-stm32.14.3.rel1.win32_1.0.100.202602081740/tools/bin/../lib/gcc/arm-none-eabi/14.3.1/../../../../arm-none-eabi/lib/thumb/v7e-m+fp/hard\libc_nano.a(libc_a-makebuf.o)
                0x080084d8                __smakebuf_r
 *fill*         0x0800854a        0x2 
 .text._fstat_r
                0x0800854c       0x24 C:/ST/STM32CubeIDE_2.2.0/STM32CubeIDE/plugins/com.st.stm32cube.ide.mcu.externaltools.gnu-tools-for-stm32.14.3.rel1.win32_1.0.100.202602081740/tools/bin/../lib/gcc/arm-none-eabi/14.3.1/../../../../arm-none-eabi/lib/thumb/v7e-m+fp/hard\libc_nano.a(libc_a-fstatr.o)
                0x0800854c                _fstat_r
 .text._isatty_r
                0x08008570       0x20 C:/ST/STM32CubeIDE_2.2.0/STM32CubeIDE/plugins/com.st.stm32cube.ide.mcu.externaltools.gnu-tools-for-stm32.14.3.rel1.win32_1.0.100.202602081740/tools/bin/../lib/gcc/arm-none-eabi/14.3.1/../../../../arm-none-eabi/lib/thumb/v7e-m+fp/hard\libc_nano.a(libc_a-isattyr.o)
                0x08008570                _isatty_r
 .text._sbrk_r  0x08008590       0x20 C:/ST/STM32CubeIDE_2.2.0/STM32CubeIDE/plugins/com.st.stm32cube.ide.mcu.externaltools.gnu-tools-for-stm32.14.3.rel1.win32_1.0.100.202602081740/tools/bin/../lib/gcc/arm-none-eabi/14.3.1/../../../../arm-none-eabi/lib/thumb/v7e-m+fp/hard\libc_nano.a(libc_a-sbrkr.o)
                0x08008590                _sbrk_r
 .text.memcpy   0x080085b0       0x1c C:/ST/STM32CubeIDE_2.2.0/STM32CubeIDE/plugins/com.st.stm32cube.ide.mcu.externaltools.gnu-tools-for-stm32.14.3.rel1.win32_1.0.100.202602081740/tools/bin/../lib/gcc/arm-none-eabi/14.3.1/../../../../arm-none-eabi/lib/thumb/v7e-m+fp/hard\libc_nano.a(libc_a-memcpy-stub.o)
                0x080085b0                memcpy
 .text.__assert_func
                0x080085cc       0x3c C:/ST/STM32CubeIDE_2.2.0/STM32CubeIDE/plugins/com.st.stm32cube.ide.mcu.externaltools.gnu-tools-for-stm32.14.3.rel1.win32_1.0.100.202602081740/tools/bin/../lib/gcc/arm-none-eabi/14.3.1/../../../../arm-none-eabi/lib/thumb/v7e-m+fp/hard\libc_nano.a(libc_a-assert.o)
                0x080085cc                __assert_func
 .text._calloc_r
                0x08008608       0x28 C:/ST/STM32CubeIDE_2.2.0/STM32CubeIDE/plugins/com.st.stm32cube.ide.mcu.externaltools.gnu-tools-for-stm32.14.3.rel1.win32_1.0.100.202602081740/tools/bin/../lib/gcc/arm-none-eabi/14.3.1/../../../../arm-none-eabi/lib/thumb/v7e-m+fp/hard\libc_nano.a(libc_a-callocr.o)
                0x08008608                _calloc_r
 .text.__ascii_mbtowc
                0x08008630       0x24 C:/ST/STM32CubeIDE_2.2.0/STM32CubeIDE/plugins/com.st.stm32cube.ide.mcu.externaltools.gnu-tools-for-stm32.14.3.rel1.win32_1.0.100.202602081740/tools/bin/../lib/gcc/arm-none-eabi/14.3.1/../../../../arm-none-eabi/lib/thumb/v7e-m+fp/hard\libc_nano.a(libc_a-mbtowc_r.o)
                0x08008630                __ascii_mbtowc
 .text.__ascii_wctomb
                0x08008654       0x1a C:/ST/STM32CubeIDE_2.2.0/STM32CubeIDE/plugins/com.st.stm32cube.ide.mcu.externaltools.gnu-tools-for-stm32.14.3.rel1.win32_1.0.100.202602081740/tools/bin/../lib/gcc/arm-none-eabi/14.3.1/../../../../arm-none-eabi/lib/thumb/v7e-m+fp/hard\libc_nano.a(libc_a-wctomb_r.o)
                0x08008654                __ascii_wctomb
 *fill*         0x0800866e        0x2 
 .text.fprintf  0x08008670       0x24 C:/ST/STM32CubeIDE_2.2.0/STM32CubeIDE/plugins/com.st.stm32cube.ide.mcu.externaltools.gnu-tools-for-stm32.14.3.rel1.win32_1.0.100.202602081740/tools/bin/../lib/gcc/arm-none-eabi/14.3.1/../../../../arm-none-eabi/lib/thumb/v7e-m+fp/hard\libc_nano.a(libc_a-fprintf.o)
                0x08008670                fiprintf
                0x08008670                fprintf
 .text.abort    0x08008694        0xe C:/ST/STM32CubeIDE_2.2.0/STM32CubeIDE/plugins/com.st.stm32cube.ide.mcu.externaltools.gnu-tools-for-stm32.14.3.rel1.win32_1.0.100.202602081740/tools/bin/../lib/gcc/arm-none-eabi/14.3.1/../../../../arm-none-eabi/lib/thumb/v7e-m+fp/hard\libc_nano.a(libc_a-abort.o)
                0x08008694                abort
 .text._raise_r
                0x080086a2       0x50 C:/ST/STM32CubeIDE_2.2.0/STM32CubeIDE/plugins/com.st.stm32cube.ide.mcu.externaltools.gnu-tools-for-stm32.14.3.rel1.win32_1.0.100.202602081740/tools/bin/../lib/gcc/arm-none-eabi/14.3.1/../../../../arm-none-eabi/lib/thumb/v7e-m+fp/hard\libc_nano.a(libc_a-signal.o)
                0x080086a2                _raise_r
 *fill*         0x080086f2        0x2 
 .text.raise    0x080086f4       0x10 C:/ST/STM32CubeIDE_2.2.0/STM32CubeIDE/plugins/com.st.stm32cube.ide.mcu.externaltools.gnu-tools-for-stm32.14.3.rel1.win32_1.0.100.202602081740/tools/bin/../lib/gcc/arm-none-eabi/14.3.1/../../../../arm-none-eabi/lib/thumb/v7e-m+fp/hard\libc_nano.a(libc_a-signal.o)
                0x080086f4                raise
 .text._kill_r  0x08008704       0x24 C:/ST/STM32CubeIDE_2.2.0/STM32CubeIDE/plugins/com.st.stm32cube.ide.mcu.externaltools.gnu-tools-for-stm32.14.3.rel1.win32_1.0.100.202602081740/tools/bin/../lib/gcc/arm-none-eabi/14.3.1/../../../../arm-none-eabi/lib/thumb/v7e-m+fp/hard\libc_nano.a(libc_a-signalr.o)
                0x08008704                _kill_r
 .text._getpid_r
                0x08008728        0x4 C:/ST/STM32CubeIDE_2.2.0/STM32CubeIDE/plugins/com.st.stm32cube.ide.mcu.externaltools.gnu-tools-for-stm32.14.3.rel1.win32_1.0.100.202602081740/tools/bin/../lib/gcc/arm-none-eabi/14.3.1/../../../../arm-none-eabi/lib/thumb/v7e-m+fp/hard\libc_nano.a(libc_a-signalr.o)
                0x08008728                _getpid_r
 *fill*         0x0800872c        0x4 
 .text.pow      0x08008730       0xf0 C:/ST/STM32CubeIDE_2.2.0/STM32CubeIDE/plugins/com.st.stm32cube.ide.mcu.externaltools.gnu-tools-for-stm32.14.3.rel1.win32_1.0.100.202602081740/tools/bin/../lib/gcc/arm-none-eabi/14.3.1/../../../../arm-none-eabi/lib/thumb/v7e-m+fp/hard\libm.a(libm_a-w_pow.o)
                0x08008730                pow
 .text.finite   0x08008820       0x18 C:/ST/STM32CubeIDE_2.2.0/STM32CubeIDE/plugins/com.st.stm32cube.ide.mcu.externaltools.gnu-tools-for-stm32.14.3.rel1.win32_1.0.100.202602081740/tools/bin/../lib/gcc/arm-none-eabi/14.3.1/../../../../arm-none-eabi/lib/thumb/v7e-m+fp/hard\libm.a(libm_a-s_finite.o)
                0x08008820                finite
 .text.__ieee754_pow
                0x08008838      0xc7c C:/ST/STM32CubeIDE_2.2.0/STM32CubeIDE/plugins/com.st.stm32cube.ide.mcu.externaltools.gnu-tools-for-stm32.14.3.rel1.win32_1.0.100.202602081740/tools/bin/../lib/gcc/arm-none-eabi/14.3.1/../../../../arm-none-eabi/lib/thumb/v7e-m+fp/hard\libm.a(libm_a-e_pow.o)
                0x08008838                __ieee754_pow
 .text.fabs     0x080094b4       0x10 C:/ST/STM32CubeIDE_2.2.0/STM32CubeIDE/plugins/com.st.stm32cube.ide.mcu.externaltools.gnu-tools-for-stm32.14.3.rel1.win32_1.0.100.202602081740/tools/bin/../lib/gcc/arm-none-eabi/14.3.1/../../../../arm-none-eabi/lib/thumb/v7e-m+fp/hard\libm.a(libm_a-s_fabs.o)
                0x080094b4                fabs
 *fill*         0x080094c4        0x4 
 .text.scalbn   0x080094c8      0x114 C:/ST/STM32CubeIDE_2.2.0/STM32CubeIDE/plugins/com.st.stm32cube.ide.mcu.externaltools.gnu-tools-for-stm32.14.3.rel1.win32_1.0.100.202602081740/tools/bin/../lib/gcc/arm-none-eabi/14.3.1/../../../../arm-none-eabi/lib/thumb/v7e-m+fp/hard\libm.a(libm_a-s_scalbn.o)
                0x080094c8                scalbn
 .text.with_errno
                0x080095dc       0x24 C:/ST/STM32CubeIDE_2.2.0/STM32CubeIDE/plugins/com.st.stm32cube.ide.mcu.externaltools.gnu-tools-for-stm32.14.3.rel1.win32_1.0.100.202602081740/tools/bin/../lib/gcc/arm-none-eabi/14.3.1/../../../../arm-none-eabi/lib/thumb/v7e-m+fp/hard\libm.a(libm_a-math_err.o)
 .text.xflow    0x08009600       0x34 C:/ST/STM32CubeIDE_2.2.0/STM32CubeIDE/plugins/com.st.stm32cube.ide.mcu.externaltools.gnu-tools-for-stm32.14.3.rel1.win32_1.0.100.202602081740/tools/bin/../lib/gcc/arm-none-eabi/14.3.1/../../../../arm-none-eabi/lib/thumb/v7e-m+fp/hard\libm.a(libm_a-math_err.o)
 *fill*         0x08009634        0x4 
 .text.__math_uflow
                0x08009638       0x10 C:/ST/STM32CubeIDE_2.2.0/STM32CubeIDE/plugins/com.st.stm32cube.ide.mcu.externaltools.gnu-tools-for-stm32.14.3.rel1.win32_1.0.100.202602081740/tools/bin/../lib/gcc/arm-none-eabi/14.3.1/../../../../arm-none-eabi/lib/thumb/v7e-m+fp/hard\libm.a(libm_a-math_err.o)
                0x08009638                __math_uflow
 .text.__math_oflow
                0x08009648       0x10 C:/ST/STM32CubeIDE_2.2.0/STM32CubeIDE/plugins/com.st.stm32cube.ide.mcu.externaltools.gnu-tools-for-stm32.14.3.rel1.win32_1.0.100.202602081740/tools/bin/../lib/gcc/arm-none-eabi/14.3.1/../../../../arm-none-eabi/lib/thumb/v7e-m+fp/hard\libm.a(libm_a-math_err.o)
                0x08009648                __math_oflow
 .text.__ieee754_sqrt
                0x08009658      0x1f0 C:/ST/STM32CubeIDE_2.2.0/STM32CubeIDE/plugins/com.st.stm32cube.ide.mcu.externaltools.gnu-tools-for-stm32.14.3.rel1.win32_1.0.100.202602081740/tools/bin/../lib/gcc/arm-none-eabi/14.3.1/../../../../arm-none-eabi/lib/thumb/v7e-m+fp/hard\libm.a(libm_a-e_sqrt.o)
                0x08009658                __ieee754_sqrt
 *(.glue_7)
 .glue_7        0x08009848        0x0 linker stubs
 *(.glue_7t)
 .glue_7t       0x08009848        0x0 linker stubs
 *(.eh_frame)
 .eh_frame      0x08009848        0x0 C:/ST/STM32CubeIDE_2.2.0/STM32CubeIDE/plugins/com.st.stm32cube.ide.mcu.externaltools.gnu-tools-for-stm32.14.3.rel1.win32_1.0.100.202602081740/tools/bin/../lib/gcc/arm-none-eabi/14.3.1/thumb/v7e-m+fp/hard/crtbegin.o
 *(.init)
 .init          0x08009848        0x4 C:/ST/STM32CubeIDE_2.2.0/STM32CubeIDE/plugins/com.st.stm32cube.ide.mcu.externaltools.gnu-tools-for-stm32.14.3.rel1.win32_1.0.100.202602081740/tools/bin/../lib/gcc/arm-none-eabi/14.3.1/thumb/v7e-m+fp/hard/crti.o
                0x08009848                _init
 .init          0x0800984c        0x8 C:/ST/STM32CubeIDE_2.2.0/STM32CubeIDE/plugins/com.st.stm32cube.ide.mcu.externaltools.gnu-tools-for-stm32.14.3.rel1.win32_1.0.100.202602081740/tools/bin/../lib/gcc/arm-none-eabi/14.3.1/thumb/v7e-m+fp/hard/crtn.o
 *(.fini)
 .fini          0x08009854        0x4 C:/ST/STM32CubeIDE_2.2.0/STM32CubeIDE/plugins/com.st.stm32cube.ide.mcu.externaltools.gnu-tools-for-stm32.14.3.rel1.win32_1.0.100.202602081740/tools/bin/../lib/gcc/arm-none-eabi/14.3.1/thumb/v7e-m+fp/hard/crti.o
                0x08009854                _fini
 .fini          0x08009858        0x8 C:/ST/STM32CubeIDE_2.2.0/STM32CubeIDE/plugins/com.st.stm32cube.ide.mcu.externaltools.gnu-tools-for-stm32.14.3.rel1.win32_1.0.100.202602081740/tools/bin/../lib/gcc/arm-none-eabi/14.3.1/thumb/v7e-m+fp/hard/crtn.o
                0x08009860                        . = ALIGN (0x4)
                0x08009860                        _etext = .

.vfp11_veneer   0x08009860        0x0
 .vfp11_veneer  0x08009860        0x0 linker stubs

.v4_bx          0x08009860        0x0
 .v4_bx         0x08009860        0x0 linker stubs

.iplt           0x08009860        0x0
 .iplt          0x08009860        0x0 C:/ST/STM32CubeIDE_2.2.0/STM32CubeIDE/plugins/com.st.stm32cube.ide.mcu.externaltools.gnu-tools-for-stm32.14.3.rel1.win32_1.0.100.202602081740/tools/bin/../lib/gcc/arm-none-eabi/14.3.1/thumb/v7e-m+fp/hard/crtbegin.o

.rodata         0x08009860      0x528
                0x08009860                        . = ALIGN (0x4)
 *(.rodata)
 .rodata        0x08009860      0x15b ./Core/Src/main.o
 *(.rodata*)
 *fill*         0x080099bb        0x1 
 .rodata.digit_segments
                0x080099bc        0xa ./Core/Src/main.o
                0x080099bc                digit_segments
 *fill*         0x080099c6        0x2 
 .rodata.AHBPrescTable
                0x080099c8       0x10 ./Core/Src/system_stm32f3xx.o
                0x080099c8                AHBPrescTable
 .rodata.APBPrescTable
                0x080099d8        0x8 ./Core/Src/system_stm32f3xx.o
                0x080099d8                APBPrescTable
 .rodata.aPLLMULFactorTable
                0x080099e0       0x10 ./Drivers/STM32F3xx_HAL_Driver/Src/stm32f3xx_hal_rcc.o
 .rodata.aPredivFactorTable
                0x080099f0       0x10 ./Drivers/STM32F3xx_HAL_Driver/Src/stm32f3xx_hal_rcc.o
 .rodata._printf_float.str1.1
                0x08009a00      0x171 C:/ST/STM32CubeIDE_2.2.0/STM32CubeIDE/plugins/com.st.stm32cube.ide.mcu.externaltools.gnu-tools-for-stm32.14.3.rel1.win32_1.0.100.202602081740/tools/bin/../lib/gcc/arm-none-eabi/14.3.1/../../../../arm-none-eabi/lib/thumb/v7e-m+fp/hard\libc_nano.a(libc_a-nano-vfprintf_float.o)
                                 0x12 (size before relaxing)
 .rodata._printf_i.str1.1
                0x08009b71       0x22 C:/ST/STM32CubeIDE_2.2.0/STM32CubeIDE/plugins/com.st.stm32cube.ide.mcu.externaltools.gnu-tools-for-stm32.14.3.rel1.win32_1.0.100.202602081740/tools/bin/../lib/gcc/arm-none-eabi/14.3.1/../../../../arm-none-eabi/lib/thumb/v7e-m+fp/hard\libc_nano.a(libc_a-nano-vfprintf_i.o)
 .rodata._dtoa_r.str1.1
                0x08009b71       0x8f C:/ST/STM32CubeIDE_2.2.0/STM32CubeIDE/plugins/com.st.stm32cube.ide.mcu.externaltools.gnu-tools-for-stm32.14.3.rel1.win32_1.0.100.202602081740/tools/bin/../lib/gcc/arm-none-eabi/14.3.1/../../../../arm-none-eabi/lib/thumb/v7e-m+fp/hard\libc_nano.a(libc_a-dtoa.o)
 .rodata._Balloc.str1.1
                0x08009b71       0x70 C:/ST/STM32CubeIDE_2.2.0/STM32CubeIDE/plugins/com.st.stm32cube.ide.mcu.externaltools.gnu-tools-for-stm32.14.3.rel1.win32_1.0.100.202602081740/tools/bin/../lib/gcc/arm-none-eabi/14.3.1/../../../../arm-none-eabi/lib/thumb/v7e-m+fp/hard\libc_nano.a(libc_a-mprec.o)
 .rodata.__multadd.str1.1
                0x08009b71       0x11 C:/ST/STM32CubeIDE_2.2.0/STM32CubeIDE/plugins/com.st.stm32cube.ide.mcu.externaltools.gnu-tools-for-stm32.14.3.rel1.win32_1.0.100.202602081740/tools/bin/../lib/gcc/arm-none-eabi/14.3.1/../../../../arm-none-eabi/lib/thumb/v7e-m+fp/hard\libc_nano.a(libc_a-mprec.o)
 *fill*         0x08009b71        0x3 
 .rodata.p05.0  0x08009b74        0xc C:/ST/STM32CubeIDE_2.2.0/STM32CubeIDE/plugins/com.st.stm32cube.ide.mcu.externaltools.gnu-tools-for-stm32.14.3.rel1.win32_1.0.100.202602081740/tools/bin/../lib/gcc/arm-none-eabi/14.3.1/../../../../arm-none-eabi/lib/thumb/v7e-m+fp/hard\libc_nano.a(libc_a-mprec.o)
 .rodata.__mprec_bigtens
                0x08009b80       0x28 C:/ST/STM32CubeIDE_2.2.0/STM32CubeIDE/plugins/com.st.stm32cube.ide.mcu.externaltools.gnu-tools-for-stm32.14.3.rel1.win32_1.0.100.202602081740/tools/bin/../lib/gcc/arm-none-eabi/14.3.1/../../../../arm-none-eabi/lib/thumb/v7e-m+fp/hard\libc_nano.a(libc_a-mprec.o)
                0x08009b80                __mprec_bigtens
 .rodata.__mprec_tens
                0x08009ba8       0xc8 C:/ST/STM32CubeIDE_2.2.0/STM32CubeIDE/plugins/com.st.stm32cube.ide.mcu.externaltools.gnu-tools-for-stm32.14.3.rel1.win32_1.0.100.202602081740/tools/bin/../lib/gcc/arm-none-eabi/14.3.1/../../../../arm-none-eabi/lib/thumb/v7e-m+fp/hard\libc_nano.a(libc_a-mprec.o)
                0x08009ba8                __mprec_tens
 .rodata._vfprintf_r.str1.1
                0x08009c70       0x11 C:/ST/STM32CubeIDE_2.2.0/STM32CubeIDE/plugins/com.st.stm32cube.ide.mcu.externaltools.gnu-tools-for-stm32.14.3.rel1.win32_1.0.100.202602081740/tools/bin/../lib/gcc/arm-none-eabi/14.3.1/../../../../arm-none-eabi/lib/thumb/v7e-m+fp/hard\libc_nano.a(libc_a-nano-vfprintf.o)
 .rodata._setlocale_r.str1.1
                0x08009c70        0x9 C:/ST/STM32CubeIDE_2.2.0/STM32CubeIDE/plugins/com.st.stm32cube.ide.mcu.externaltools.gnu-tools-for-stm32.14.3.rel1.win32_1.0.100.202602081740/tools/bin/../lib/gcc/arm-none-eabi/14.3.1/../../../../arm-none-eabi/lib/thumb/v7e-m+fp/hard\libc_nano.a(libc_a-locale.o)
 .rodata.str1.1
                0x08009c70        0x2 C:/ST/STM32CubeIDE_2.2.0/STM32CubeIDE/plugins/com.st.stm32cube.ide.mcu.externaltools.gnu-tools-for-stm32.14.3.rel1.win32_1.0.100.202602081740/tools/bin/../lib/gcc/arm-none-eabi/14.3.1/../../../../arm-none-eabi/lib/thumb/v7e-m+fp/hard\libc_nano.a(libc_a-locale.o)
 .rodata.__assert_func.str1.1
                0x08009c70       0x3d C:/ST/STM32CubeIDE_2.2.0/STM32CubeIDE/plugins/com.st.stm32cube.ide.mcu.externaltools.gnu-tools-for-stm32.14.3.rel1.win32_1.0.100.202602081740/tools/bin/../lib/gcc/arm-none-eabi/14.3.1/../../../../arm-none-eabi/lib/thumb/v7e-m+fp/hard\libc_nano.a(libc_a-assert.o)
 .rodata._ctype_
                0x08009c70      0x101 C:/ST/STM32CubeIDE_2.2.0/STM32CubeIDE/plugins/com.st.stm32cube.ide.mcu.externaltools.gnu-tools-for-stm32.14.3.rel1.win32_1.0.100.202602081740/tools/bin/../lib/gcc/arm-none-eabi/14.3.1/../../../../arm-none-eabi/lib/thumb/v7e-m+fp/hard\libc_nano.a(libc_a-ctype_.o)
                0x08009c70                _ctype_
 *fill*         0x08009d71        0x7 
 .rodata.tiny   0x08009d78        0x8 C:/ST/STM32CubeIDE_2.2.0/STM32CubeIDE/plugins/com.st.stm32cube.ide.mcu.externaltools.gnu-tools-for-stm32.14.3.rel1.win32_1.0.100.202602081740/tools/bin/../lib/gcc/arm-none-eabi/14.3.1/../../../../arm-none-eabi/lib/thumb/v7e-m+fp/hard\libm.a(libm_a-e_sqrt.o)
 .rodata.one    0x08009d80        0x8 C:/ST/STM32CubeIDE_2.2.0/STM32CubeIDE/plugins/com.st.stm32cube.ide.mcu.externaltools.gnu-tools-for-stm32.14.3.rel1.win32_1.0.100.202602081740/tools/bin/../lib/gcc/arm-none-eabi/14.3.1/../../../../arm-none-eabi/lib/thumb/v7e-m+fp/hard\libm.a(libm_a-e_sqrt.o)
                0x08009d88                        . = ALIGN (0x4)

.ARM.extab      0x08009d88        0x0
                0x08009d88                        . = ALIGN (0x4)
 *(.ARM.extab* .gnu.linkonce.armextab.*)
                0x08009d88                        . = ALIGN (0x4)

.ARM            0x08009d88        0x8
                0x08009d88                        . = ALIGN (0x4)
                0x08009d88                        __exidx_start = .
 *(.ARM.exidx*)
 .ARM.exidx     0x08009d88        0x8 C:/ST/STM32CubeIDE_2.2.0/STM32CubeIDE/plugins/com.st.stm32cube.ide.mcu.externaltools.gnu-tools-for-stm32.14.3.rel1.win32_1.0.100.202602081740/tools/bin/../lib/gcc/arm-none-eabi/14.3.1/../../../../arm-none-eabi/lib/thumb/v7e-m+fp/hard\libc_nano.a(libc_a-memchr.o)
 .ARM.exidx     0x08009d90        0x0 C:/ST/STM32CubeIDE_2.2.0/STM32CubeIDE/plugins/com.st.stm32cube.ide.mcu.externaltools.gnu-tools-for-stm32.14.3.rel1.win32_1.0.100.202602081740/tools/bin/../lib/gcc/arm-none-eabi/14.3.1/../../../../arm-none-eabi/lib/thumb/v7e-m+fp/hard\libc_nano.a(libc_a-strlen.o)
                                  0x8 (size before relaxing)
 .ARM.exidx     0x08009d90        0x0 C:/ST/STM32CubeIDE_2.2.0/STM32CubeIDE/plugins/com.st.stm32cube.ide.mcu.externaltools.gnu-tools-for-stm32.14.3.rel1.win32_1.0.100.202602081740/tools/bin/../lib/gcc/arm-none-eabi/14.3.1/thumb/v7e-m+fp/hard\libgcc.a(_udivmoddi4.o)
                                  0x8 (size before relaxing)
                0x08009d90                        __exidx_end = .
                0x08009d90                        . = ALIGN (0x4)

.preinit_array  0x08009d90        0x0
                0x08009d90                        . = ALIGN (0x4)
                0x08009d90                        PROVIDE (__preinit_array_start = .)
 *(.preinit_array*)
                0x08009d90                        PROVIDE (__preinit_array_end = .)
                0x08009d90                        . = ALIGN (0x4)

.init_array     0x08009d90        0x4
                0x08009d90                        . = ALIGN (0x4)
                0x08009d90                        PROVIDE (__init_array_start = .)
 *(SORT_BY_NAME(.init_array.*))
 *(.init_array*)
 .init_array    0x08009d90        0x4 C:/ST/STM32CubeIDE_2.2.0/STM32CubeIDE/plugins/com.st.stm32cube.ide.mcu.externaltools.gnu-tools-for-stm32.14.3.rel1.win32_1.0.100.202602081740/tools/bin/../lib/gcc/arm-none-eabi/14.3.1/thumb/v7e-m+fp/hard/crtbegin.o
                0x08009d94                        PROVIDE (__init_array_end = .)
                0x08009d94                        . = ALIGN (0x4)

.fini_array     0x08009d94        0x4
                0x08009d94                        . = ALIGN (0x4)
                [!provide]                        PROVIDE (__fini_array_start = .)
 *(SORT_BY_NAME(.fini_array.*))
 *(.fini_array*)
 .fini_array    0x08009d94        0x4 C:/ST/STM32CubeIDE_2.2.0/STM32CubeIDE/plugins/com.st.stm32cube.ide.mcu.externaltools.gnu-tools-for-stm32.14.3.rel1.win32_1.0.100.202602081740/tools/bin/../lib/gcc/arm-none-eabi/14.3.1/thumb/v7e-m+fp/hard/crtbegin.o
                [!provide]                        PROVIDE (__fini_array_end = .)
                0x08009d98                        . = ALIGN (0x4)
                0x08009d98                        _sidata = LOADADDR (.data)

.rel.dyn        0x08009d98        0x0
 .rel.iplt      0x08009d98        0x0 C:/ST/STM32CubeIDE_2.2.0/STM32CubeIDE/plugins/com.st.stm32cube.ide.mcu.externaltools.gnu-tools-for-stm32.14.3.rel1.win32_1.0.100.202602081740/tools/bin/../lib/gcc/arm-none-eabi/14.3.1/thumb/v7e-m+fp/hard/crtbegin.o

.data           0x20000000      0x1d8 load address 0x08009d98
                0x20000000                        . = ALIGN (0x4)
                0x20000000                        _sdata = .
 *(.data)
 *(.data*)
 .data.config_hum
                0x20000000        0x1 ./Core/Src/main.o
                0x20000000                config_hum
 .data.config_pres_temp
                0x20000001        0x1 ./Core/Src/main.o
                0x20000001                config_pres_temp
 *fill*         0x20000002        0x2 
 .data.SystemCoreClock
                0x20000004        0x4 ./Core/Src/system_stm32f3xx.o
                0x20000004                SystemCoreClock
 .data.uwTickPrio
                0x20000008        0x4 ./Drivers/STM32F3xx_HAL_Driver/Src/stm32f3xx_hal.o
                0x20000008                uwTickPrio
 .data.uwTickFreq
                0x2000000c        0x1 ./Drivers/STM32F3xx_HAL_Driver/Src/stm32f3xx_hal.o
                0x2000000c                uwTickFreq
 *fill*         0x2000000d        0x3 
 .data.__sglue  0x20000010        0xc C:/ST/STM32CubeIDE_2.2.0/STM32CubeIDE/plugins/com.st.stm32cube.ide.mcu.externaltools.gnu-tools-for-stm32.14.3.rel1.win32_1.0.100.202602081740/tools/bin/../lib/gcc/arm-none-eabi/14.3.1/../../../../arm-none-eabi/lib/thumb/v7e-m+fp/hard\libc_nano.a(libc_a-findfp.o)
                0x20000010                __sglue
 .data._impure_ptr
                0x2000001c        0x4 C:/ST/STM32CubeIDE_2.2.0/STM32CubeIDE/plugins/com.st.stm32cube.ide.mcu.externaltools.gnu-tools-for-stm32.14.3.rel1.win32_1.0.100.202602081740/tools/bin/../lib/gcc/arm-none-eabi/14.3.1/../../../../arm-none-eabi/lib/thumb/v7e-m+fp/hard\libc_nano.a(libc_a-impure.o)
                0x2000001c                _impure_ptr
 .data._impure_data
                0x20000020       0x4c C:/ST/STM32CubeIDE_2.2.0/STM32CubeIDE/plugins/com.st.stm32cube.ide.mcu.externaltools.gnu-tools-for-stm32.14.3.rel1.win32_1.0.100.202602081740/tools/bin/../lib/gcc/arm-none-eabi/14.3.1/../../../../arm-none-eabi/lib/thumb/v7e-m+fp/hard\libc_nano.a(libc_a-impure.o)
                0x20000020                _impure_data
 .data.__global_locale
                0x2000006c      0x16c C:/ST/STM32CubeIDE_2.2.0/STM32CubeIDE/plugins/com.st.stm32cube.ide.mcu.externaltools.gnu-tools-for-stm32.14.3.rel1.win32_1.0.100.202602081740/tools/bin/../lib/gcc/arm-none-eabi/14.3.1/../../../../arm-none-eabi/lib/thumb/v7e-m+fp/hard\libc_nano.a(libc_a-locale.o)
                0x2000006c                __global_locale
 *(.RamFunc)
 *(.RamFunc*)
                0x200001d8                        . = ALIGN (0x4)
                0x200001d8                        _edata = .
                0x08009f70                        _siccmram = LOADADDR (.ccmram)

.igot.plt       0x200001d8        0x0 load address 0x08009f70
 .igot.plt      0x200001d8        0x0 C:/ST/STM32CubeIDE_2.2.0/STM32CubeIDE/plugins/com.st.stm32cube.ide.mcu.externaltools.gnu-tools-for-stm32.14.3.rel1.win32_1.0.100.202602081740/tools/bin/../lib/gcc/arm-none-eabi/14.3.1/thumb/v7e-m+fp/hard/crtbegin.o

.ccmram         0x10000000        0x0 load address 0x08009f70
                0x10000000                        . = ALIGN (0x4)
                0x10000000                        _sccmram = .
 *(.ccmram)
 *(.ccmram*)
                0x10000000                        . = ALIGN (0x4)
                0x10000000                        _eccmram = .
                0x10000000                        . = ALIGN (0x4)

.bss            0x200001d8      0x2f4
                0x200001d8                        _sbss = .
                0x200001d8                        __bss_start__ = _sbss
 *(.bss)
 .bss           0x200001d8       0x1c C:/ST/STM32CubeIDE_2.2.0/STM32CubeIDE/plugins/com.st.stm32cube.ide.mcu.externaltools.gnu-tools-for-stm32.14.3.rel1.win32_1.0.100.202602081740/tools/bin/../lib/gcc/arm-none-eabi/14.3.1/thumb/v7e-m+fp/hard/crtbegin.o
 *(.bss*)
 .bss.hi2c1     0x200001f4       0x54 ./Core/Src/main.o
                0x200001f4                hi2c1
 .bss.htim16    0x20000248       0x4c ./Core/Src/main.o
                0x20000248                htim16
 .bss.huart2    0x20000294       0x88 ./Core/Src/main.o
                0x20000294                huart2
 .bss.segment_display
                0x2000031c        0x4 ./Core/Src/main.o
                0x2000031c                segment_display
 .bss.currentDebounce
                0x20000320        0x4 ./Core/Src/main.o
                0x20000320                currentDebounce
 .bss.lastDebounce
                0x20000324        0x4 ./Core/Src/main.o
                0x20000324                lastDebounce
 .bss.state     0x20000328        0x1 ./Core/Src/main.o
                0x20000328                state
 .bss.ret       0x20000329        0x1 ./Core/Src/main.o
                0x20000329                ret
 *fill*         0x2000032a        0x2 
 .bss.sensor_data
                0x2000032c        0x8 ./Core/Src/main.o
                0x2000032c                sensor_data
 .bss.pres_data
                0x20000334        0x4 ./Core/Src/main.o
                0x20000334                pres_data
 .bss.temp_data
                0x20000338        0x4 ./Core/Src/main.o
                0x20000338                temp_data
 .bss.hum_data  0x2000033c        0x2 ./Core/Src/main.o
                0x2000033c                hum_data
 *fill*         0x2000033e        0x2 
 .bss.temperature
                0x20000340        0x4 ./Core/Src/main.o
                0x20000340                temperature
 .bss.pressure  0x20000344        0x4 ./Core/Src/main.o
                0x20000344                pressure
 .bss.humidity  0x20000348        0x4 ./Core/Src/main.o
                0x20000348                humidity
 .bss.dig_T1    0x2000034c        0x2 ./Core/Src/main.o
                0x2000034c                dig_T1
 .bss.dig_T2    0x2000034e        0x2 ./Core/Src/main.o
                0x2000034e                dig_T2
 .bss.dig_T3    0x20000350        0x2 ./Core/Src/main.o
                0x20000350                dig_T3
 .bss.dig_P1    0x20000352        0x2 ./Core/Src/main.o
                0x20000352                dig_P1
 .bss.dig_P2    0x20000354        0x2 ./Core/Src/main.o
                0x20000354                dig_P2
 .bss.dig_P3    0x20000356        0x2 ./Core/Src/main.o
                0x20000356                dig_P3
 .bss.dig_P4    0x20000358        0x2 ./Core/Src/main.o
                0x20000358                dig_P4
 .bss.dig_P5    0x2000035a        0x2 ./Core/Src/main.o
                0x2000035a                dig_P5
 .bss.dig_P6    0x2000035c        0x2 ./Core/Src/main.o
                0x2000035c                dig_P6
 .bss.dig_P7    0x2000035e        0x2 ./Core/Src/main.o
                0x2000035e                dig_P7
 .bss.dig_P8    0x20000360        0x2 ./Core/Src/main.o
                0x20000360                dig_P8
 .bss.dig_P9    0x20000362        0x2 ./Core/Src/main.o
                0x20000362                dig_P9
 .bss.dig_H1    0x20000364        0x1 ./Core/Src/main.o
                0x20000364                dig_H1
 *fill*         0x20000365        0x1 
 .bss.dig_H2    0x20000366        0x2 ./Core/Src/main.o
                0x20000366                dig_H2
 .bss.dig_H3    0x20000368        0x1 ./Core/Src/main.o
                0x20000368                dig_H3
 *fill*         0x20000369        0x1 
 .bss.dig_H4    0x2000036a        0x2 ./Core/Src/main.o
                0x2000036a                dig_H4
 .bss.dig_H5    0x2000036c        0x2 ./Core/Src/main.o
                0x2000036c                dig_H5
 .bss.dig_H6    0x2000036e        0x1 ./Core/Src/main.o
                0x2000036e                dig_H6
 *fill*         0x2000036f        0x1 
 .bss.t_fine    0x20000370        0x4 ./Core/Src/main.o
                0x20000370                t_fine
 .bss.digit_current.0
                0x20000374        0x1 ./Core/Src/main.o
 *fill*         0x20000375        0x3 
 .bss.__sbrk_heap_end
                0x20000378        0x4 ./Core/Src/sysmem.o
 .bss.uwTick    0x2000037c        0x4 ./Drivers/STM32F3xx_HAL_Driver/Src/stm32f3xx_hal.o
                0x2000037c                uwTick
 .bss.__sf      0x20000380      0x138 C:/ST/STM32CubeIDE_2.2.0/STM32CubeIDE/plugins/com.st.stm32cube.ide.mcu.externaltools.gnu-tools-for-stm32.14.3.rel1.win32_1.0.100.202602081740/tools/bin/../lib/gcc/arm-none-eabi/14.3.1/../../../../arm-none-eabi/lib/thumb/v7e-m+fp/hard\libc_nano.a(libc_a-findfp.o)
                0x20000380                __sf
 .bss.__stdio_exit_handler
                0x200004b8        0x4 C:/ST/STM32CubeIDE_2.2.0/STM32CubeIDE/plugins/com.st.stm32cube.ide.mcu.externaltools.gnu-tools-for-stm32.14.3.rel1.win32_1.0.100.202602081740/tools/bin/../lib/gcc/arm-none-eabi/14.3.1/../../../../arm-none-eabi/lib/thumb/v7e-m+fp/hard\libc_nano.a(libc_a-findfp.o)
                0x200004b8                __stdio_exit_handler
 .bss.errno     0x200004bc        0x4 C:/ST/STM32CubeIDE_2.2.0/STM32CubeIDE/plugins/com.st.stm32cube.ide.mcu.externaltools.gnu-tools-for-stm32.14.3.rel1.win32_1.0.100.202602081740/tools/bin/../lib/gcc/arm-none-eabi/14.3.1/../../../../arm-none-eabi/lib/thumb/v7e-m+fp/hard\libc_nano.a(libc_a-reent.o)
                0x200004bc                errno
 .bss.__lock___malloc_recursive_mutex
                0x200004c0        0x1 C:/ST/STM32CubeIDE_2.2.0/STM32CubeIDE/plugins/com.st.stm32cube.ide.mcu.externaltools.gnu-tools-for-stm32.14.3.rel1.win32_1.0.100.202602081740/tools/bin/../lib/gcc/arm-none-eabi/14.3.1/../../../../arm-none-eabi/lib/thumb/v7e-m+fp/hard\libc_nano.a(libc_a-lock.o)
                0x200004c0                __lock___malloc_recursive_mutex
 .bss.__lock___sfp_recursive_mutex
                0x200004c1        0x1 C:/ST/STM32CubeIDE_2.2.0/STM32CubeIDE/plugins/com.st.stm32cube.ide.mcu.externaltools.gnu-tools-for-stm32.14.3.rel1.win32_1.0.100.202602081740/tools/bin/../lib/gcc/arm-none-eabi/14.3.1/../../../../arm-none-eabi/lib/thumb/v7e-m+fp/hard\libc_nano.a(libc_a-lock.o)
                0x200004c1                __lock___sfp_recursive_mutex
 *fill*         0x200004c2        0x2 
 .bss.__malloc_sbrk_start
                0x200004c4        0x4 C:/ST/STM32CubeIDE_2.2.0/STM32CubeIDE/plugins/com.st.stm32cube.ide.mcu.externaltools.gnu-tools-for-stm32.14.3.rel1.win32_1.0.100.202602081740/tools/bin/../lib/gcc/arm-none-eabi/14.3.1/../../../../arm-none-eabi/lib/thumb/v7e-m+fp/hard\libc_nano.a(libc_a-mallocr.o)
                0x200004c4                __malloc_sbrk_start
 .bss.__malloc_free_list
                0x200004c8        0x4 C:/ST/STM32CubeIDE_2.2.0/STM32CubeIDE/plugins/com.st.stm32cube.ide.mcu.externaltools.gnu-tools-for-stm32.14.3.rel1.win32_1.0.100.202602081740/tools/bin/../lib/gcc/arm-none-eabi/14.3.1/../../../../arm-none-eabi/lib/thumb/v7e-m+fp/hard\libc_nano.a(libc_a-mallocr.o)
                0x200004c8                __malloc_free_list
 *(COMMON)
                0x200004cc                        . = ALIGN (0x4)
                0x200004cc                        _ebss = .
                0x200004cc                        __bss_end__ = _ebss

._user_heap_stack
                0x200004cc      0x604
                0x200004d0                        . = ALIGN (0x8)
 *fill*         0x200004cc        0x4 
                [!provide]                        PROVIDE (end = .)
                0x200004d0                        PROVIDE (_end = .)
                0x200006d0                        . = (. + _Min_Heap_Size)
 *fill*         0x200004d0      0x200 
                0x20000ad0                        . = (. + _Min_Stack_Size)
 *fill*         0x200006d0      0x400 
                0x20000ad0                        . = ALIGN (0x8)

/DISCARD/
 libc.a(*)
 libm.a(*)
 libgcc.a(*)

.ARM.attributes
                0x00000000       0x30
 *(.ARM.attributes)
 .ARM.attributes
                0x00000000       0x22 C:/ST/STM32CubeIDE_2.2.0/STM32CubeIDE/plugins/com.st.stm32cube.ide.mcu.externaltools.gnu-tools-for-stm32.14.3.rel1.win32_1.0.100.202602081740/tools/bin/../lib/gcc/arm-none-eabi/14.3.1/thumb/v7e-m+fp/hard/crti.o
 .ARM.attributes
                0x00000022       0x34 C:/ST/STM32CubeIDE_2.2.0/STM32CubeIDE/plugins/com.st.stm32cube.ide.mcu.externaltools.gnu-tools-for-stm32.14.3.rel1.win32_1.0.100.202602081740/tools/bin/../lib/gcc/arm-none-eabi/14.3.1/thumb/v7e-m+fp/hard/crtbegin.o
 .ARM.attributes
                0x00000056       0x34 ./Core/Src/main.o
 .ARM.attributes
                0x0000008a       0x34 ./Core/Src/stm32f3xx_hal_msp.o
 .ARM.attributes
                0x000000be       0x34 ./Core/Src/stm32f3xx_it.o
 .ARM.attributes
                0x000000f2       0x34 ./Core/Src/syscalls.o
 .ARM.attributes
                0x00000126       0x34 ./Core/Src/sysmem.o
 .ARM.attributes
                0x0000015a       0x34 ./Core/Src/system_stm32f3xx.o
 .ARM.attributes
                0x0000018e       0x21 ./Core/Startup/startup_stm32f303k8tx.o
 .ARM.attributes
                0x000001af       0x34 ./Drivers/STM32F3xx_HAL_Driver/Src/stm32f3xx_hal.o
 .ARM.attributes
                0x000001e3       0x34 ./Drivers/STM32F3xx_HAL_Driver/Src/stm32f3xx_hal_cortex.o
 .ARM.attributes
                0x00000217       0x34 ./Drivers/STM32F3xx_HAL_Driver/Src/stm32f3xx_hal_gpio.o
 .ARM.attributes
                0x0000024b       0x34 ./Drivers/STM32F3xx_HAL_Driver/Src/stm32f3xx_hal_i2c.o
 .ARM.attributes
                0x0000027f       0x34 ./Drivers/STM32F3xx_HAL_Driver/Src/stm32f3xx_hal_i2c_ex.o
 .ARM.attributes
                0x000002b3       0x34 ./Drivers/STM32F3xx_HAL_Driver/Src/stm32f3xx_hal_rcc.o
 .ARM.attributes
                0x000002e7       0x34 ./Drivers/STM32F3xx_HAL_Driver/Src/stm32f3xx_hal_rcc_ex.o
 .ARM.attributes
                0x0000031b       0x34 ./Drivers/STM32F3xx_HAL_Driver/Src/stm32f3xx_hal_tim.o
 .ARM.attributes
                0x0000034f       0x34 ./Drivers/STM32F3xx_HAL_Driver/Src/stm32f3xx_hal_tim_ex.o
 .ARM.attributes
                0x00000383       0x34 ./Drivers/STM32F3xx_HAL_Driver/Src/stm32f3xx_hal_uart.o
 .ARM.attributes
                0x000003b7       0x34 C:/ST/STM32CubeIDE_2.2.0/STM32CubeIDE/plugins/com.st.stm32cube.ide.mcu.externaltools.gnu-tools-for-stm32.14.3.rel1.win32_1.0.100.202602081740/tools/bin/../lib/gcc/arm-none-eabi/14.3.1/../../../../arm-none-eabi/lib/thumb/v7e-m+fp/hard\libc_nano.a(libc_a-nano-vfprintf_float.o)
 .ARM.attributes
                0x000003eb       0x34 C:/ST/STM32CubeIDE_2.2.0/STM32CubeIDE/plugins/com.st.stm32cube.ide.mcu.externaltools.gnu-tools-for-stm32.14.3.rel1.win32_1.0.100.202602081740/tools/bin/../lib/gcc/arm-none-eabi/14.3.1/../../../../arm-none-eabi/lib/thumb/v7e-m+fp/hard\libc_nano.a(libc_a-nano-vfprintf_i.o)
 .ARM.attributes
                0x0000041f       0x34 C:/ST/STM32CubeIDE_2.2.0/STM32CubeIDE/plugins/com.st.stm32cube.ide.mcu.externaltools.gnu-tools-for-stm32.14.3.rel1.win32_1.0.100.202602081740/tools/bin/../lib/gcc/arm-none-eabi/14.3.1/../../../../arm-none-eabi/lib/thumb/v7e-m+fp/hard\libc_nano.a(libc_a-findfp.o)
 .ARM.attributes
                0x00000453       0x34 C:/ST/STM32CubeIDE_2.2.0/STM32CubeIDE/plugins/com.st.stm32cube.ide.mcu.externaltools.gnu-tools-for-stm32.14.3.rel1.win32_1.0.100.202602081740/tools/bin/../lib/gcc/arm-none-eabi/14.3.1/../../../../arm-none-eabi/lib/thumb/v7e-m+fp/hard\libc_nano.a(libc_a-fwalk.o)
 .ARM.attributes
                0x00000487       0x34 C:/ST/STM32CubeIDE_2.2.0/STM32CubeIDE/plugins/com.st.stm32cube.ide.mcu.externaltools.gnu-tools-for-stm32.14.3.rel1.win32_1.0.100.202602081740/tools/bin/../lib/gcc/arm-none-eabi/14.3.1/../../../../arm-none-eabi/lib/thumb/v7e-m+fp/hard\libc_nano.a(libc_a-printf.o)
 .ARM.attributes
                0x000004bb       0x34 C:/ST/STM32CubeIDE_2.2.0/STM32CubeIDE/plugins/com.st.stm32cube.ide.mcu.externaltools.gnu-tools-for-stm32.14.3.rel1.win32_1.0.100.202602081740/tools/bin/../lib/gcc/arm-none-eabi/14.3.1/../../../../arm-none-eabi/lib/thumb/v7e-m+fp/hard\libc_nano.a(libc_a-puts.o)
 .ARM.attributes
                0x000004ef       0x34 C:/ST/STM32CubeIDE_2.2.0/STM32CubeIDE/plugins/com.st.stm32cube.ide.mcu.externaltools.gnu-tools-for-stm32.14.3.rel1.win32_1.0.100.202602081740/tools/bin/../lib/gcc/arm-none-eabi/14.3.1/../../../../arm-none-eabi/lib/thumb/v7e-m+fp/hard\libc_nano.a(libc_a-stdio.o)
 .ARM.attributes
                0x00000523       0x34 C:/ST/STM32CubeIDE_2.2.0/STM32CubeIDE/plugins/com.st.stm32cube.ide.mcu.externaltools.gnu-tools-for-stm32.14.3.rel1.win32_1.0.100.202602081740/tools/bin/../lib/gcc/arm-none-eabi/14.3.1/../../../../arm-none-eabi/lib/thumb/v7e-m+fp/hard\libc_nano.a(libc_a-wbuf.o)
 .ARM.attributes
                0x00000557       0x34 C:/ST/STM32CubeIDE_2.2.0/STM32CubeIDE/plugins/com.st.stm32cube.ide.mcu.externaltools.gnu-tools-for-stm32.14.3.rel1.win32_1.0.100.202602081740/tools/bin/../lib/gcc/arm-none-eabi/14.3.1/../../../../arm-none-eabi/lib/thumb/v7e-m+fp/hard\libc_nano.a(libc_a-wsetup.o)
 .ARM.attributes
                0x0000058b       0x34 C:/ST/STM32CubeIDE_2.2.0/STM32CubeIDE/plugins/com.st.stm32cube.ide.mcu.externaltools.gnu-tools-for-stm32.14.3.rel1.win32_1.0.100.202602081740/tools/bin/../lib/gcc/arm-none-eabi/14.3.1/../../../../arm-none-eabi/lib/thumb/v7e-m+fp/hard\libc_nano.a(libc_a-memset.o)
 .ARM.attributes
                0x000005bf       0x34 C:/ST/STM32CubeIDE_2.2.0/STM32CubeIDE/plugins/com.st.stm32cube.ide.mcu.externaltools.gnu-tools-for-stm32.14.3.rel1.win32_1.0.100.202602081740/tools/bin/../lib/gcc/arm-none-eabi/14.3.1/../../../../arm-none-eabi/lib/thumb/v7e-m+fp/hard\libc_nano.a(libc_a-localeconv.o)
 .ARM.attributes
                0x000005f3       0x34 C:/ST/STM32CubeIDE_2.2.0/STM32CubeIDE/plugins/com.st.stm32cube.ide.mcu.externaltools.gnu-tools-for-stm32.14.3.rel1.win32_1.0.100.202602081740/tools/bin/../lib/gcc/arm-none-eabi/14.3.1/../../../../arm-none-eabi/lib/thumb/v7e-m+fp/hard\libc_nano.a(libc_a-closer.o)
 .ARM.attributes
                0x00000627       0x34 C:/ST/STM32CubeIDE_2.2.0/STM32CubeIDE/plugins/com.st.stm32cube.ide.mcu.externaltools.gnu-tools-for-stm32.14.3.rel1.win32_1.0.100.202602081740/tools/bin/../lib/gcc/arm-none-eabi/14.3.1/../../../../arm-none-eabi/lib/thumb/v7e-m+fp/hard\libc_nano.a(libc_a-reent.o)
 .ARM.attributes
                0x0000065b       0x34 C:/ST/STM32CubeIDE_2.2.0/STM32CubeIDE/plugins/com.st.stm32cube.ide.mcu.externaltools.gnu-tools-for-stm32.14.3.rel1.win32_1.0.100.202602081740/tools/bin/../lib/gcc/arm-none-eabi/14.3.1/../../../../arm-none-eabi/lib/thumb/v7e-m+fp/hard\libc_nano.a(libc_a-impure.o)
 .ARM.attributes
                0x0000068f       0x34 C:/ST/STM32CubeIDE_2.2.0/STM32CubeIDE/plugins/com.st.stm32cube.ide.mcu.externaltools.gnu-tools-for-stm32.14.3.rel1.win32_1.0.100.202602081740/tools/bin/../lib/gcc/arm-none-eabi/14.3.1/../../../../arm-none-eabi/lib/thumb/v7e-m+fp/hard\libc_nano.a(libc_a-lseekr.o)
 .ARM.attributes
                0x000006c3       0x34 C:/ST/STM32CubeIDE_2.2.0/STM32CubeIDE/plugins/com.st.stm32cube.ide.mcu.externaltools.gnu-tools-for-stm32.14.3.rel1.win32_1.0.100.202602081740/tools/bin/../lib/gcc/arm-none-eabi/14.3.1/../../../../arm-none-eabi/lib/thumb/v7e-m+fp/hard\libc_nano.a(libc_a-readr.o)
 .ARM.attributes
                0x000006f7       0x34 C:/ST/STM32CubeIDE_2.2.0/STM32CubeIDE/plugins/com.st.stm32cube.ide.mcu.externaltools.gnu-tools-for-stm32.14.3.rel1.win32_1.0.100.202602081740/tools/bin/../lib/gcc/arm-none-eabi/14.3.1/../../../../arm-none-eabi/lib/thumb/v7e-m+fp/hard\libc_nano.a(libc_a-writer.o)
 .ARM.attributes
                0x0000072b       0x34 C:/ST/STM32CubeIDE_2.2.0/STM32CubeIDE/plugins/com.st.stm32cube.ide.mcu.externaltools.gnu-tools-for-stm32.14.3.rel1.win32_1.0.100.202602081740/tools/bin/../lib/gcc/arm-none-eabi/14.3.1/../../../../arm-none-eabi/lib/thumb/v7e-m+fp/hard\libc_nano.a(libc_a-errno.o)
 .ARM.attributes
                0x0000075f       0x34 C:/ST/STM32CubeIDE_2.2.0/STM32CubeIDE/plugins/com.st.stm32cube.ide.mcu.externaltools.gnu-tools-for-stm32.14.3.rel1.win32_1.0.100.202602081740/tools/bin/../lib/gcc/arm-none-eabi/14.3.1/../../../../arm-none-eabi/lib/thumb/v7e-m+fp/hard\libc_nano.a(libc_a-init.o)
 .ARM.attributes
                0x00000793       0x34 C:/ST/STM32CubeIDE_2.2.0/STM32CubeIDE/plugins/com.st.stm32cube.ide.mcu.externaltools.gnu-tools-for-stm32.14.3.rel1.win32_1.0.100.202602081740/tools/bin/../lib/gcc/arm-none-eabi/14.3.1/../../../../arm-none-eabi/lib/thumb/v7e-m+fp/hard\libc_nano.a(libc_a-lock.o)
 .ARM.attributes
                0x000007c7       0x1c C:/ST/STM32CubeIDE_2.2.0/STM32CubeIDE/plugins/com.st.stm32cube.ide.mcu.externaltools.gnu-tools-for-stm32.14.3.rel1.win32_1.0.100.202602081740/tools/bin/../lib/gcc/arm-none-eabi/14.3.1/../../../../arm-none-eabi/lib/thumb/v7e-m+fp/hard\libc_nano.a(libc_a-memchr.o)
 .ARM.attributes
                0x000007e3       0x17 C:/ST/STM32CubeIDE_2.2.0/STM32CubeIDE/plugins/com.st.stm32cube.ide.mcu.externaltools.gnu-tools-for-stm32.14.3.rel1.win32_1.0.100.202602081740/tools/bin/../lib/gcc/arm-none-eabi/14.3.1/../../../../arm-none-eabi/lib/thumb/v7e-m+fp/hard\libc_nano.a(libc_a-strlen.o)
 .ARM.attributes
                0x000007fa       0x34 C:/ST/STM32CubeIDE_2.2.0/STM32CubeIDE/plugins/com.st.stm32cube.ide.mcu.externaltools.gnu-tools-for-stm32.14.3.rel1.win32_1.0.100.202602081740/tools/bin/../lib/gcc/arm-none-eabi/14.3.1/../../../../arm-none-eabi/lib/thumb/v7e-m+fp/hard\libc_nano.a(libc_a-dtoa.o)
 .ARM.attributes
                0x0000082e       0x34 C:/ST/STM32CubeIDE_2.2.0/STM32CubeIDE/plugins/com.st.stm32cube.ide.mcu.externaltools.gnu-tools-for-stm32.14.3.rel1.win32_1.0.100.202602081740/tools/bin/../lib/gcc/arm-none-eabi/14.3.1/../../../../arm-none-eabi/lib/thumb/v7e-m+fp/hard\libc_nano.a(libc_a-freer.o)
 .ARM.attributes
                0x00000862       0x34 C:/ST/STM32CubeIDE_2.2.0/STM32CubeIDE/plugins/com.st.stm32cube.ide.mcu.externaltools.gnu-tools-for-stm32.14.3.rel1.win32_1.0.100.202602081740/tools/bin/../lib/gcc/arm-none-eabi/14.3.1/../../../../arm-none-eabi/lib/thumb/v7e-m+fp/hard\libc_nano.a(libc_a-malloc.o)
 .ARM.attributes