../Core/Src/main.c:109:5:main	8	static
../Core/Src/main.c:159:6:SystemClock_Config	96	static
../Core/Src/main.c:203:13:MX_I2C1_Init	8	static
../Core/Src/main.c:251:13:MX_TIM16_Init	8	static
../Core/Src/main.c:283:13:MX_USART2_UART_Init	8	static
../Core/Src/main.c:318:13:MX_GPIO_Init	40	static
../Core/Src/main.c:382:6:set_segments	16	static
../Core/Src/main.c:395:6:update_segment_display	16	static
../Core/Src/main.c:404:6:refresh_display	8	static
../Core/Src/main.c:423:6:HAL_TIM_PeriodElapsedCallback	16	static
../Core/Src/main.c:431:6:float_to_digit	32	static
../Core/Src/main.c:474:6:HAL_GPIO_EXTI_Callback	16	static
../Core/Src/main.c:523:6:Error_Handler	4	static,ignoring_inline_asm
