../Core/Src/main.c:166:5:main	5
../Core/Src/main.c:239:6:SystemClock_Config	4
../Core/Src/main.c:283:13:MX_I2C1_Init	4
../Core/Src/main.c:331:13:MX_TIM16_Init	2
../Core/Src/main.c:363:13:MX_USART2_UART_Init	2
../Core/Src/main.c:398:13:MX_GPIO_Init	1
../Core/Src/main.c:462:6:set_segments	1
../Core/Src/main.c:475:6:update_segment_display	1
../Core/Src/main.c:484:6:refresh_display	2
../Core/Src/main.c:503:6:HAL_TIM_PeriodElapsedCallback	2
../Core/Src/main.c:513:6:float_to_digit	10
../Core/Src/main.c:558:6:HAL_GPIO_EXTI_Callback	4
../Core/Src/main.c:575:20:BME280_init	3
../Core/Src/main.c:594:6:BME280_ReadData	2
../Core/Src/main.c:614:6:Display_Update	1
../Core/Src/main.c:624:5:__io_putchar	1
../Core/Src/main.c:632:19:BME280_calibration_parameters	3
../Core/Src/main.c:687:9:BME280_compensate_T_int32	1
../Core/Src/main.c:710:10:BME280_compensate_P_int64	2
../Core/Src/main.c:744:10:BME280_compensate_H_int32	1
../Core/Src/main.c:785:6:Error_Handler	1
