../Core/Src/main.c:109:5:main	1
../Core/Src/main.c:159:6:SystemClock_Config	4
../Core/Src/main.c:203:13:MX_I2C1_Init	4
../Core/Src/main.c:251:13:MX_TIM16_Init	2
../Core/Src/main.c:283:13:MX_USART2_UART_Init	2
../Core/Src/main.c:318:13:MX_GPIO_Init	1
../Core/Src/main.c:382:6:set_segments	1
../Core/Src/main.c:395:6:update_segment_display	1
../Core/Src/main.c:404:6:refresh_display	2
../Core/Src/main.c:423:6:HAL_TIM_PeriodElapsedCallback	2
../Core/Src/main.c:431:6:float_to_digit	10
../Core/Src/main.c:474:6:HAL_GPIO_EXTI_Callback	7
../Core/Src/main.c:523:6:Error_Handler	1
