../Core/Src/main.c:94:5:main	8	static
../Core/Src/main.c:148:6:SystemClock_Config	96	static
../Core/Src/main.c:192:13:MX_I2C1_Init	8	static
../Core/Src/main.c:240:13:MX_TIM16_Init	8	static
../Core/Src/main.c:272:13:MX_USART2_UART_Init	8	static
../Core/Src/main.c:307:13:MX_GPIO_Init	40	static
../Core/Src/main.c:371:6:set_segments	16	static
../Core/Src/main.c:384:6:update_segment_display	16	static
../Core/Src/main.c:393:6:refresh_display	8	static
../Core/Src/main.c:412:6:HAL_TIM_PeriodElapsedCallback	16	static
../Core/Src/main.c:454:6:Error_Handler	4	static,ignoring_inline_asm
